Component: ARM Compiler 5.06 update 3 (build 300) Tool: armlink [4d35c9]

==============================================================================

Section Cross References

    startup_stm32f407xx.o(RESET) refers to startup_stm32f407xx.o(STACK) for __initial_sp
    startup_stm32f407xx.o(RESET) refers to startup_stm32f407xx.o(.text) for Reset_Handler
    startup_stm32f407xx.o(RESET) refers to stm32f4xx_it.o(i.SysTick_Handler) for SysTick_Handler
    startup_stm32f407xx.o(RESET) refers to stm32f4xx_it.o(i.USART1_IRQHandler) for USART1_IRQHandler
    startup_stm32f407xx.o(RESET) refers to stm32f4xx_it.o(i.EXTI15_10_IRQHandler) for EXTI15_10_IRQHandler
    startup_stm32f407xx.o(RESET) refers to stm32f4xx_it.o(i.DMA2_Stream0_IRQHandler) for DMA2_Stream0_IRQHandler
    startup_stm32f407xx.o(.text) refers to system_stm32f4xx.o(i.SystemInit) for SystemInit
    startup_stm32f407xx.o(.text) refers to entry.o(.ARM.Collect$$$$00000000) for __main
    main.o(i.DC_Task) refers to stm32f4xx_hal_gpio.o(i.HAL_GPIO_WritePin) for HAL_GPIO_WritePin
    main.o(i.DC_Task) refers to main.o(i.I2C_DC_Motor_Write) for I2C_DC_Motor_Write
    main.o(i.DC_Task) refers to main.o(.data) for .data
    main.o(i.DC_Task) refers to i2c.o(.bss) for hi2c1
    main.o(i.HAL_GPIO_EXTI_Callback) refers to printfa.o(i.__0printf) for __2printf
    main.o(i.HAL_GPIO_EXTI_Callback) refers to main.o(.data) for .data
    main.o(i.HAL_SYSTICK_Callback) refers to main.o(.data) for .data
    main.o(i.I2C_DC_Motor_Write) refers to main.o(i.I2C_DC_Motor_WriteOneByte) for I2C_DC_Motor_WriteOneByte
    main.o(i.I2C_DC_Motor_Write) refers to stm32f4xx_hal.o(i.HAL_Delay) for HAL_Delay
    main.o(i.I2C_DC_Motor_WriteOneByte) refers to stm32f4xx_hal_i2c.o(i.HAL_I2C_Mem_Write) for HAL_I2C_Mem_Write
    main.o(i.I2C_DC_Motor_WriteOneByte) refers to main.o(.data) for .data
    main.o(i.MX_IWDG_Init) refers to stm32f4xx_hal_iwdg.o(i.HAL_IWDG_Init) for HAL_IWDG_Init
    main.o(i.MX_IWDG_Init) refers to main.o(.bss) for .bss
    main.o(i.MX_IWDG_Refresh) refers to stm32f4xx_hal_iwdg.o(i.HAL_IWDG_Refresh) for HAL_IWDG_Refresh
    main.o(i.MX_IWDG_Refresh) refers to main.o(.bss) for .bss
    main.o(i.MX_IWDG_Start) refers to stm32f4xx_hal_iwdg.o(i.HAL_IWDG_Start) for HAL_IWDG_Start
    main.o(i.MX_IWDG_Start) refers to main.o(.bss) for .bss
    main.o(i.SystemClock_Config) refers to stm32f4xx_hal_rcc.o(i.HAL_RCC_OscConfig) for HAL_RCC_OscConfig
    main.o(i.SystemClock_Config) refers to stm32f4xx_hal_rcc.o(i.HAL_RCC_ClockConfig) for HAL_RCC_ClockConfig
    main.o(i.SystemClock_Config) refers to stm32f4xx_hal_rcc.o(i.HAL_RCC_GetHCLKFreq) for HAL_RCC_GetHCLKFreq
    main.o(i.SystemClock_Config) refers to stm32f4xx_hal_cortex.o(i.HAL_SYSTICK_Config) for HAL_SYSTICK_Config
    main.o(i.SystemClock_Config) refers to stm32f4xx_hal_cortex.o(i.HAL_SYSTICK_CLKSourceConfig) for HAL_SYSTICK_CLKSourceConfig
    main.o(i.SystemClock_Config) refers to stm32f4xx_hal_cortex.o(i.HAL_NVIC_SetPriority) for HAL_NVIC_SetPriority
    main.o(i.Turn_Off_LED) refers to stm32f4xx_hal_gpio.o(i.HAL_GPIO_WritePin) for HAL_GPIO_WritePin
    main.o(i.Turn_On_LED) refers to stm32f4xx_hal_gpio.o(i.HAL_GPIO_WritePin) for HAL_GPIO_WritePin
    main.o(i.get_buffer) refers to main.o(i.update_checksum) for update_checksum
    main.o(i.get_buffer) refers to main.o(i.verify_checksum) for verify_checksum
    main.o(i.get_buffer) refers to stm32f4xx_hal_cortex.o(i.HAL_NVIC_SystemReset) for HAL_NVIC_SystemReset
    main.o(i.get_buffer) refers to main.o(i.recovery_handle) for recovery_handle
    main.o(i.get_buffer) refers to printfa.o(i.__0printf) for __2printf
    main.o(i.get_buffer) refers to main.o(.data) for .data
    main.o(i.get_buffer) refers to main.o(.conststring) for .conststring
    main.o(i.get_now_alcohol) refers to main.o(i.update_checksum) for update_checksum
    main.o(i.get_now_alcohol) refers to main.o(i.verify_checksum) for verify_checksum
    main.o(i.get_now_alcohol) refers to stm32f4xx_hal_cortex.o(i.HAL_NVIC_SystemReset) for HAL_NVIC_SystemReset
    main.o(i.get_now_alcohol) refers to main.o(i.recovery_handle) for recovery_handle
    main.o(i.get_now_alcohol) refers to printfa.o(i.__0printf) for __2printf
    main.o(i.get_now_alcohol) refers to main.o(.data) for .data
    main.o(i.get_now_alcohol) refers to main.o(.conststring) for .conststring
    main.o(i.get_now_flame) refers to main.o(i.update_checksum) for update_checksum
    main.o(i.get_now_flame) refers to main.o(i.verify_checksum) for verify_checksum
    main.o(i.get_now_flame) refers to stm32f4xx_hal_cortex.o(i.HAL_NVIC_SystemReset) for HAL_NVIC_SystemReset
    main.o(i.get_now_flame) refers to main.o(i.recovery_handle) for recovery_handle
    main.o(i.get_now_flame) refers to printfa.o(i.__0printf) for __2printf
    main.o(i.get_now_flame) refers to main.o(.data) for .data
    main.o(i.get_now_flame) refers to main.o(.conststring) for .conststring
[...]
    Removing stm32f4xx_hal_flash.o(i.HAL_FLASH_Program_IT), (108 bytes).
    Removing stm32f4xx_hal_flash.o(i.HAL_FLASH_Unlock), (40 bytes).
    Removing stm32f4xx_hal_flash.o(.bss), (32 bytes).
    Removing stm32f4xx_hal_uart.o(.rev16_text), (4 bytes).
    Removing stm32f4xx_hal_uart.o(.revsh_text), (4 bytes).
    Removing stm32f4xx_hal_uart.o(.rrx_text), (6 bytes).
    Removing stm32f4xx_hal_uart.o(i.HAL_HalfDuplex_EnableReceiver), (48 bytes).
    Removing stm32f4xx_hal_uart.o(i.HAL_HalfDuplex_EnableTransmitter), (48 bytes).
    Removing stm32f4xx_hal_uart.o(i.HAL_HalfDuplex_Init), (104 bytes).
    Removing stm32f4xx_hal_uart.o(i.HAL_LIN_Init), (124 bytes).
    Removing stm32f4xx_hal_uart.o(i.HAL_LIN_SendBreak), (44 bytes).
    Removing stm32f4xx_hal_uart.o(i.HAL_MultiProcessor_EnterMuteMode), (44 bytes).
    Removing stm32f4xx_hal_uart.o(i.HAL_MultiProcessor_ExitMuteMode), (44 bytes).
    Removing stm32f4xx_hal_uart.o(i.HAL_MultiProcessor_Init), (138 bytes).
    Removing stm32f4xx_hal_uart.o(i.HAL_UART_DMAPause), (86 bytes).
    Removing stm32f4xx_hal_uart.o(i.HAL_UART_DMAResume), (102 bytes).
    Removing stm32f4xx_hal_uart.o(i.HAL_UART_DMAStop), (50 bytes).
    Removing stm32f4xx_hal_uart.o(i.HAL_UART_DeInit), (36 bytes).
    Removing stm32f4xx_hal_uart.o(i.HAL_UART_GetError), (4 bytes).
    Removing stm32f4xx_hal_uart.o(i.HAL_UART_GetState), (6 bytes).
    Removing stm32f4xx_hal_uart.o(i.HAL_UART_MspDeInit), (2 bytes).
    Removing stm32f4xx_hal_uart.o(i.HAL_UART_MspInit), (2 bytes).
    Removing stm32f4xx_hal_uart.o(i.HAL_UART_Receive), (204 bytes).
    Removing stm32f4xx_hal_uart.o(i.HAL_UART_Receive_DMA), (136 bytes).
    Removing stm32f4xx_hal_uart.o(i.HAL_UART_Receive_IT), (106 bytes).
    Removing stm32f4xx_hal_uart.o(i.HAL_UART_RxHalfCpltCallback), (2 bytes).
    Removing stm32f4xx_hal_uart.o(i.HAL_UART_Transmit), (204 bytes).
    Removing stm32f4xx_hal_uart.o(i.HAL_UART_Transmit_DMA), (144 bytes).
    Removing stm32f4xx_hal_uart.o(i.HAL_UART_Transmit_IT), (106 bytes).
    Removing stm32f4xx_hal_uart.o(i.HAL_UART_TxHalfCpltCallback), (2 bytes).
    Removing stm32f4xx_hal_uart.o(i.UART_DMAError), (30 bytes).
    Removing stm32f4xx_hal_uart.o(i.UART_DMAReceiveCplt), (54 bytes).
    Removing stm32f4xx_hal_uart.o(i.UART_DMARxHalfCplt), (10 bytes).
    Removing stm32f4xx_hal_uart.o(i.UART_DMATransmitCplt), (46 bytes).
    Removing stm32f4xx_hal_uart.o(i.UART_DMATxHalfCplt), (10 bytes).
    Removing stm32f4xx_hal_uart.o(i.UART_WaitOnFlagUntilTimeout), (146 bytes).
    Removing stm32f4xx_hal_i2c.o(.rev16_text), (4 bytes).
    Removing stm32f4xx_hal_i2c.o(.revsh_text), (4 bytes).
    Removing stm32f4xx_hal_i2c.o(.rrx_text), (6 bytes).
    Removing stm32f4xx_hal_i2c.o(i.HAL_I2C_DeInit), (46 bytes).
    Removing stm32f4xx_hal_i2c.o(i.HAL_I2C_ER_IRQHandler), (216 bytes).
    Removing stm32f4xx_hal_i2c.o(i.HAL_I2C_EV_IRQHandler), (406 bytes).
    Removing stm32f4xx_hal_i2c.o(i.HAL_I2C_ErrorCallback), (2 bytes).
    Removing stm32f4xx_hal_i2c.o(i.HAL_I2C_GetError), (4 bytes).
    Removing stm32f4xx_hal_i2c.o(i.HAL_I2C_GetState), (6 bytes).
    Removing stm32f4xx_hal_i2c.o(i.HAL_I2C_IsDeviceReady), (320 bytes).
    Removing stm32f4xx_hal_i2c.o(i.HAL_I2C_MasterRxCpltCallback), (2 bytes).
    Removing stm32f4xx_hal_i2c.o(i.HAL_I2C_MasterTxCpltCallback), (2 bytes).
    Removing stm32f4xx_hal_i2c.o(i.HAL_I2C_Master_Receive), (448 bytes).
    Removing stm32f4xx_hal_i2c.o(i.HAL_I2C_Master_Receive_DMA), (208 bytes).
    Removing stm32f4xx_hal_i2c.o(i.HAL_I2C_Master_Receive_IT), (216 bytes).
    Removing stm32f4xx_hal_i2c.o(i.HAL_I2C_Master_Transmit), (232 bytes).
    Removing stm32f4xx_hal_i2c.o(i.HAL_I2C_Master_Transmit_DMA), (184 bytes).
    Removing stm32f4xx_hal_i2c.o(i.HAL_I2C_Master_Transmit_IT), (148 bytes).
    Removing stm32f4xx_hal_i2c.o(i.HAL_I2C_MemRxCpltCallback), (2 bytes).
    Removing stm32f4xx_hal_i2c.o(i.HAL_I2C_MemTxCpltCallback), (2 bytes).
    Removing stm32f4xx_hal_i2c.o(i.HAL_I2C_Mem_Read_DMA), (220 bytes).
    Removing stm32f4xx_hal_i2c.o(i.HAL_I2C_Mem_Read_IT), (232 bytes).
    Removing stm32f4xx_hal_i2c.o(i.HAL_I2C_Mem_Write_DMA), (188 bytes).
    Removing stm32f4xx_hal_i2c.o(i.HAL_I2C_Mem_Write_IT), (152 bytes).
    Removing stm32f4xx_hal_i2c.o(i.HAL_I2C_MspDeInit), (2 bytes).
    Removing stm32f4xx_hal_i2c.o(i.HAL_I2C_MspInit), (2 bytes).
    Removing stm32f4xx_hal_i2c.o(i.HAL_I2C_SlaveRxCpltCallback), (2 bytes).
    Removing stm32f4xx_hal_i2c.o(i.HAL_I2C_SlaveTxCpltCallback), (2 bytes).
    Removing stm32f4xx_hal_i2c.o(i.HAL_I2C_Slave_Receive), (248 bytes).
    Removing stm32f4xx_hal_i2c.o(i.HAL_I2C_Slave_Receive_DMA), (192 bytes).
    Removing stm32f4xx_hal_i2c.o(i.HAL_I2C_Slave_Receive_IT), (120 bytes).
    Removing stm32f4xx_hal_i2c.o(i.HAL_I2C_Slave_Transmit), (280 bytes).
    Removing stm32f4xx_hal_i2c.o(i.HAL_I2C_Slave_Transmit_DMA), (224 bytes).
    Removing stm32f4xx_hal_i2c.o(i.HAL_I2C_Slave_Transmit_IT), (120 bytes).
    Removing stm32f4xx_hal_i2c.o(i.I2C_DMAError), (38 bytes).
    Removing stm32f4xx_hal_i2c.o(i.I2C_DMAMasterReceiveCplt), (70 bytes).
    Removing stm32f4xx_hal_i2c.o(i.I2C_DMAMasterTransmitCplt), (80 bytes).
    Removing stm32f4xx_hal_i2c.o(i.I2C_DMAMemReceiveCplt), (70 bytes).
    Removing stm32f4xx_hal_i2c.o(i.I2C_DMAMemTransmitCplt), (80 bytes).
    Removing stm32f4xx_hal_i2c.o(i.I2C_DMASlaveReceiveCplt), (96 bytes).
    Removing stm32f4xx_hal_i2c.o(i.I2C_DMASlaveTransmitCplt), (86 bytes).
    Removing stm32f4xx_hal_i2c.o(i.I2C_MasterReceive_BTF), (128 bytes).
    Removing stm32f4xx_hal_i2c.o(i.I2C_MasterReceive_RXNE), (100 bytes).
    Removing stm32f4xx_hal_i2c.o(i.I2C_MasterRequestRead), (186 bytes).
    Removing stm32f4xx_hal_i2c.o(i.I2C_MasterRequestWrite), (116 bytes).
    Removing stm32f4xx_hal_iwdg.o(.rev16_text), (4 bytes).
    Removing stm32f4xx_hal_iwdg.o(.revsh_text), (4 bytes).
    Removing stm32f4xx_hal_iwdg.o(.rrx_text), (6 bytes).
    Removing stm32f4xx_hal_iwdg.o(i.HAL_IWDG_GetState), (4 bytes).
    Removing stm32f4xx_hal_iwdg.o(i.HAL_IWDG_MspInit), (2 bytes).
    Removing stm32f4xx_hal_flash_ex.o(.rev16_text), (4 bytes).
    Removing stm32f4xx_hal_flash_ex.o(.revsh_text), (4 bytes).
    Removing stm32f4xx_hal_flash_ex.o(.rrx_text), (6 bytes).
    Removing stm32f4xx_hal_flash_ex.o(i.FLASH_Erase_Sector), (88 bytes).
    Removing stm32f4xx_hal_flash_ex.o(i.FLASH_FlushCaches), (84 bytes).
    Removing stm32f4xx_hal_flash_ex.o(i.FLASH_MassErase), (36 bytes).
    Removing stm32f4xx_hal_flash_ex.o(i.HAL_FLASHEx_Erase), (152 bytes).
    Removing stm32f4xx_hal_flash_ex.o(i.HAL_FLASHEx_Erase_IT), (104 bytes).
    Removing stm32f4xx_hal_flash_ex.o(i.HAL_FLASHEx_OBGetConfig), (64 bytes).
    Removing stm32f4xx_hal_flash_ex.o(i.HAL_FLASHEx_OBProgram), (204 bytes).
    Removing stm32f4xx_hal_adc_ex.o(.rev16_text), (4 bytes).
    Removing stm32f4xx_hal_adc_ex.o(.revsh_text), (4 bytes).
    Removing stm32f4xx_hal_adc_ex.o(.rrx_text), (6 bytes).
    Removing stm32f4xx_hal_adc_ex.o(i.ADC_MultiModeDMAConvCplt), (24 bytes).
    Removing stm32f4xx_hal_adc_ex.o(i.ADC_MultiModeDMAError), (20 bytes).
    Removing stm32f4xx_hal_adc_ex.o(i.ADC_MultiModeDMAHalfConvCplt), (6 bytes).
    Removing stm32f4xx_hal_adc_ex.o(i.HAL_ADCEx_InjectedConfigChannel), (448 bytes).
    Removing stm32f4xx_hal_adc_ex.o(i.HAL_ADCEx_InjectedConvCpltCallback), (2 bytes).
    Removing stm32f4xx_hal_adc_ex.o(i.HAL_ADCEx_InjectedGetValue), (58 bytes).
    Removing stm32f4xx_hal_adc_ex.o(i.HAL_ADCEx_InjectedPollForConversion), (76 bytes).
    Removing stm32f4xx_hal_adc_ex.o(i.HAL_ADCEx_InjectedStart), (176 bytes).
    Removing stm32f4xx_hal_adc_ex.o(i.HAL_ADCEx_InjectedStart_IT), (212 bytes).
    Removing stm32f4xx_hal_adc_ex.o(i.HAL_ADCEx_InjectedStop), (20 bytes).
    Removing stm32f4xx_hal_adc_ex.o(i.HAL_ADCEx_InjectedStop_IT), (40 bytes).
    Removing stm32f4xx_hal_adc_ex.o(i.HAL_ADCEx_MultiModeConfigChannel), (108 bytes).
    Removing stm32f4xx_hal_adc_ex.o(i.HAL_ADCEx_MultiModeGetValue), (12 bytes).
    Removing stm32f4xx_hal_adc_ex.o(i.HAL_ADCEx_MultiModeStart_DMA), (192 bytes).
    Removing stm32f4xx_hal_adc_ex.o(i.HAL_ADCEx_MultiModeStop_DMA), (76 bytes).

278 unused section(s) (total 15486 bytes) removed from the image.

==============================================================================

Image Symbol Table

    Local Symbols

    Symbol Name                              Value     Ov Type        Size  Object(Section)

    ../clib/microlib/division.c              0x00000000   Number         0  uidiv.o ABSOLUTE
    ../clib/microlib/division.c              0x00000000   Number         0  uldiv.o ABSOLUTE
    ../clib/microlib/init/entry.s            0x00000000   Number         0  entry8a.o ABSOLUTE
    ../clib/microlib/init/entry.s            0x00000000   Number         0  entry8b.o ABSOLUTE
    ../clib/microlib/init/entry.s            0x00000000   Number         0  entry.o ABSOLUTE
    ../clib/microlib/init/entry.s            0x00000000   Number         0  entry11a.o ABSOLUTE
    ../clib/microlib/init/entry.s            0x00000000   Number         0  entry9a.o ABSOLUTE
    ../clib/microlib/init/entry.s            0x00000000   Number         0  entry7a.o ABSOLUTE
    ../clib/microlib/init/entry.s            0x00000000   Number         0  entry9b.o ABSOLUTE
    ../clib/microlib/init/entry.s            0x00000000   Number         0  entry10a.o ABSOLUTE
    ../clib/microlib/init/entry.s            0x00000000   Number         0  entry10b.o ABSOLUTE
    ../clib/microlib/init/entry.s            0x00000000   Number         0  entry2.o ABSOLUTE
    ../clib/microlib/init/entry.s            0x00000000   Number         0  entry11b.o ABSOLUTE
    ../clib/microlib/init/entry.s            0x00000000   Number         0  entry5.o ABSOLUTE
    ../clib/microlib/init/entry.s            0x00000000   Number         0  entry7b.o ABSOLUTE
    ../clib/microlib/longlong.c              0x00000000   Number         0  llshl.o ABSOLUTE
    ../clib/microlib/longlong.c              0x00000000   Number         0  llushr.o ABSOLUTE
    ../clib/microlib/longlong.c              0x00000000   Number         0  llsshr.o ABSOLUTE
    ../clib/microlib/malloc/malloc.c         0x00000000   Number         0  malloca.o ABSOLUTE
    ../clib/microlib/malloc/malloc.c         0x00000000   Number         0  malloc.o ABSOLUTE
    ../clib/microlib/malloc/malloc.c         0x00000000   Number         0  mallocra.o ABSOLUTE
    ../clib/microlib/malloc/malloc.c         0x00000000   Number         0  mallocr.o ABSOLUTE
    ../clib/microlib/malloc/mvars.c          0x00000000   Number         0  mvars.o ABSOLUTE
    ../clib/microlib/printf/printf.c         0x00000000   Number         0  printf6.o ABSOLUTE
    ../clib/microlib/printf/printf.c         0x00000000   Number         0  printf8.o ABSOLUTE
    ../clib/microlib/printf/printf.c         0x00000000   Number         0  printfa.o ABSOLUTE
    ../clib/microlib/printf/printf.c         0x00000000   Number         0  printf0.o ABSOLUTE
    ../clib/microlib/printf/printf.c         0x00000000   Number         0  printf7.o ABSOLUTE
    ../clib/microlib/printf/printf.c         0x00000000   Number         0  printfb.o ABSOLUTE
    ../clib/microlib/printf/printf.c         0x00000000   Number         0  printf1.o ABSOLUTE
    ../clib/microlib/printf/printf.c         0x00000000   Number         0  printf2.o ABSOLUTE
    ../clib/microlib/printf/printf.c         0x00000000   Number         0  printf3.o ABSOLUTE
    ../clib/microlib/printf/printf.c         0x00000000   Number         0  printf4.o ABSOLUTE
    ../clib/microlib/printf/printf.c         0x00000000   Number         0  printf5.o ABSOLUTE
    ../clib/microlib/printf/stubs.s          0x00000000   Number         0  stubs.o ABSOLUTE
    ../clib/microlib/stdio/streams.c         0x00000000   Number         0  stdout.o ABSOLUTE
    ../clib/microlib/stdlib/rand.c           0x00000000   Number         0  rand.o ABSOLUTE
    ../clib/microlib/string/memcpy.c         0x00000000   Number         0  memcpyb.o ABSOLUTE
    ../clib/microlib/string/memcpy.c         0x00000000   Number         0  memcpya.o ABSOLUTE
    ../clib/microlib/stubs.s                 0x00000000   Number         0  iusefp.o ABSOLUTE
    ../fplib/microlib/d2f.c                  0x00000000   Number         0  d2f.o ABSOLUTE
    ../fplib/microlib/f2d.c                  0x00000000   Number         0  f2d.o ABSOLUTE
    ../fplib/microlib/fpadd.c                0x00000000   Number         0  dadd.o ABSOLUTE
    ../fplib/microlib/fpdiv.c                0x00000000   Number         0  ddiv.o ABSOLUTE
    ../fplib/microlib/fpepilogue.c           0x00000000   Number         0  fepilogue.o ABSOLUTE
    ../fplib/microlib/fpepilogue.c           0x00000000   Number         0  depilogue.o ABSOLUTE
    ../fplib/microlib/fpfix.c                0x00000000   Number         0  dfixul.o ABSOLUTE
    ../fplib/microlib/fpmul.c                0x00000000   Number         0  dmul.o ABSOLUTE
    ..\Drivers\CMSIS\Device\ST\STM32F4xx\Source\Templates\arm\startup_stm32f407xx.s 0x00000000   Number         0  startup_stm32f407xx.o ABSOLUTE
    ..\Drivers\CMSIS\Device\ST\STM32F4xx\Source\Templates\system_stm32f4xx.c 0x00000000   Number         0  system_stm32f4xx.o ABSOLUTE
    ..\Drivers\STM32F4xx_HAL_Driver\Src\stm32f4xx_hal.c 0x00000000   Number         0  stm32f4xx_hal.o ABSOLUTE
    ..\Drivers\STM32F4xx_HAL_Driver\Src\stm32f4xx_hal_adc.c 0x00000000   Number         0  stm32f4xx_hal_adc.o ABSOLUTE
    ..\Drivers\STM32F4xx_HAL_Driver\Src\stm32f4xx_hal_adc_ex.c 0x00000000   Number         0  stm32f4xx_hal_adc_ex.o ABSOLUTE
    ..\Drivers\STM32F4xx_HAL_Driver\Src\stm32f4xx_hal_cortex.c 0x00000000   Number         0  stm32f4xx_hal_cortex.o ABSOLUTE
    ..\Drivers\STM32F4xx_HAL_Driver\Src\stm32f4xx_hal_dma.c 0x00000000   Number         0  stm32f4xx_hal_dma.o ABSOLUTE
    ..\Drivers\STM32F4xx_HAL_Driver\Src\stm32f4xx_hal_flash.c 0x00000000   Number         0  stm32f4xx_hal_flash.o ABSOLUTE
    ..\Drivers\STM32F4xx_HAL_Driver\Src\stm32f4xx_hal_flash_ex.c 0x00000000   Number         0  stm32f4xx_hal_flash_ex.o ABSOLUTE
    ..\Drivers\STM32F4xx_HAL_Driver\Src\stm32f4xx_hal_flash_ramfunc.c 0x00000000   Number         0  stm32f4xx_hal_flash_ramfunc.o ABSOLUTE
    ..\Drivers\STM32F4xx_HAL_Driver\Src\stm32f4xx_hal_gpio.c 0x00000000   Number         0  stm32f4xx_hal_gpio.o ABSOLUTE
    ..\Drivers\STM32F4xx_HAL_Driver\Src\stm32f4xx_hal_i2c.c 0x00000000   Number         0  stm32f4xx_hal_i2c.o ABSOLUTE
    ..\Drivers\STM32F4xx_HAL_Driver\Src\stm32f4xx_hal_iwdg.c 0x00000000   Number         0  stm32f4xx_hal_iwdg.o ABSOLUTE
    ..\Drivers\STM32F4xx_HAL_Driver\Src\stm32f4xx_hal_pwr.c 0x00000000   Number         0  stm32f4xx_hal_pwr.o ABSOLUTE
    ..\Drivers\STM32F4xx_HAL_Driver\Src\stm32f4xx_hal_rcc.c 0x00000000   Number         0  stm32f4xx_hal_rcc.o ABSOLUTE
    ..\Drivers\STM32F4xx_HAL_Driver\Src\stm32f4xx_hal_uart.c 0x00000000   Number         0  stm32f4xx_hal_uart.o ABSOLUTE
    ..\Src\RemoteInfrared.c                  0x00000000   Number         0  remoteinfrared.o ABSOLUTE
    ..\Src\adc.c                             0x00000000   Number         0  adc.o ABSOLUTE
    ..\Src\dma.c                             0x00000000   Number         0  dma.o ABSOLUTE
    ..\Src\gpio.c                            0x00000000   Number         0  gpio.o ABSOLUTE
    ..\Src\i2c.c                             0x00000000   Number         0  i2c.o ABSOLUTE
    ..\Src\main.c                            0x00000000   Number         0  main.o ABSOLUTE
    ..\Src\stm32f4xx_hal_msp.c               0x00000000   Number         0  stm32f4xx_hal_msp.o ABSOLUTE
    ..\Src\stm32f4xx_it.c                    0x00000000   Number         0  stm32f4xx_it.o ABSOLUTE
    ..\Src\usart.c                           0x00000000   Number         0  usart.o ABSOLUTE
    ..\Src\zlg7290.c                         0x00000000   Number         0  zlg7290.o ABSOLUTE
    ..\\Drivers\\CMSIS\\Device\\ST\\STM32F4xx\\Source\\Templates\\system_stm32f4xx.c 0x00000000   Number         0  system_stm32f4xx.o ABSOLUTE
    ..\\Drivers\\STM32F4xx_HAL_Driver\\Src\\stm32f4xx_hal.c 0x00000000   Number         0  stm32f4xx_hal.o ABSOLUTE
    ..\\Drivers\\STM32F4xx_HAL_Driver\\Src\\stm32f4xx_hal_adc.c 0x00000000   Number         0  stm32f4xx_hal_adc.o ABSOLUTE
    ..\\Drivers\\STM32F4xx_HAL_Driver\\Src\\stm32f4xx_hal_adc_ex.c 0x00000000   Number         0  stm32f4xx_hal_adc_ex.o ABSOLUTE
    ..\\Drivers\\STM32F4xx_HAL_Driver\\Src\\stm32f4xx_hal_cortex.c 0x00000000   Number         0  stm32f4xx_hal_cortex.o ABSOLUTE
    ..\\Drivers\\STM32F4xx_HAL_Driver\\Src\\stm32f4xx_hal_dma.c 0x00000000   Number         0  stm32f4xx_hal_dma.o ABSOLUTE
    ..\\Drivers\\STM32F4xx_HAL_Driver\\Src\\stm32f4xx_hal_flash.c 0x00000000   Number         0  stm32f4xx_hal_flash.o ABSOLUTE
    ..\\Drivers\\STM32F4xx_HAL_Driver\\Src\\stm32f4xx_hal_flash_ex.c 0x00000000   Number         0  stm32f4xx_hal_flash_ex.o ABSOLUTE
    ..\\Drivers\\STM32F4xx_HAL_Driver\\Src\\stm32f4xx_hal_flash_ramfunc.c 0x00000000   Number         0  stm32f4xx_hal_flash_ramfunc.o ABSOLUTE
    ..\\Drivers\\STM32F4xx_HAL_Driver\\Src\\stm32f4xx_hal_gpio.c 0x00000000   Number         0  stm32f4xx_hal_gpio.o ABSOLUTE
    ..\\Drivers\\STM32F4xx_HAL_Driver\\Src\\stm32f4xx_hal_i2c.c 0x00000000   Number         0  stm32f4xx_hal_i2c.o ABSOLUTE
    ..\\Drivers\\STM32F4xx_HAL_Driver\\Src\\stm32f4xx_hal_iwdg.c 0x00000000   Number         0  stm32f4xx_hal_iwdg.o ABSOLUTE
    ..\\Drivers\\STM32F4xx_HAL_Driver\\Src\\stm32f4xx_hal_pwr.c 0x00000000   Number         0  stm32f4xx_hal_pwr.o ABSOLUTE
    ..\\Drivers\\STM32F4xx_HAL_Driver\\Src\\stm32f4xx_hal_rcc.c 0x00000000   Number         0  stm32f4xx_hal_rcc.o ABSOLUTE
    ..\\Drivers\\STM32F4xx_HAL_Driver\\Src\\stm32f4xx_hal_uart.c 0x00000000   Number         0  stm32f4xx_hal_uart.o ABSOLUTE
    ..\\Src\\RemoteInfrared.c                0x00000000   Number         0  remoteinfrared.o ABSOLUTE
    ..\\Src\\adc.c                           0x00000000   Number         0  adc.o ABSOLUTE
    ..\\Src\\dma.c                           0x00000000   Number         0  dma.o ABSOLUTE
    ..\\Src\\gpio.c                          0x00000000   Number         0  gpio.o ABSOLUTE
    ..\\Src\\i2c.c                           0x00000000   Number         0  i2c.o ABSOLUTE
    ..\\Src\\main.c                          0x00000000   Number         0  main.o ABSOLUTE
    ..\\Src\\stm32f4xx_hal_msp.c             0x00000000   Number         0  stm32f4xx_hal_msp.o ABSOLUTE
    ..\\Src\\stm32f4xx_it.c                  0x00000000   Number         0  stm32f4xx_it.o ABSOLUTE
    ..\\Src\\usart.c                         0x00000000   Number         0  usart.o ABSOLUTE
    ..\\Src\\zlg7290.c                       0x00000000   Number         0  zlg7290.o ABSOLUTE
    cdrcmple.s                               0x00000000   Number         0  cdrcmple.o ABSOLUTE
    dc.s                                     0x00000000   Number         0  dc.o ABSOLUTE
    handlers.s                               0x00000000   Number         0  handlers.o ABSOLUTE
    init.s                                   0x00000000   Number         0  init.o ABSOLUTE
    RESET                                    0x08000000   Section      392  startup_stm32f407xx.o(RESET)
    .ARM.Collect$$$$00000000                 0x08000188   Section        0  entry.o(.ARM.Collect$$$$00000000)
    .ARM.Collect$$$$00000001                 0x08000188   Section        4  entry2.o(.ARM.Collect$$$$00000001)
    .ARM.Collect$$$$00000004                 0x0800018c   Section        4  entry5.o(.ARM.Collect$$$$00000004)
    .ARM.Collect$$$$00000008                 0x08000190   Section        0  entry7b.o(.ARM.Collect$$$$00000008)
    .ARM.Collect$$$$0000000A                 0x08000190   Section        0  entry8b.o(.ARM.Collect$$$$0000000A)
    .ARM.Collect$$$$0000000B                 0x08000190   Section        8  entry9a.o(.ARM.Collect$$$$0000000B)
    .ARM.Collect$$$$0000000D                 0x08000198   Section        0  entry10a.o(.ARM.Collect$$$$0000000D)
    .ARM.Collect$$$$0000000F                 0x08000198   Section        0  entry11a.o(.ARM.Collect$$$$0000000F)
    .ARM.Collect$$$$00002712                 0x08000198   Section        4  entry2.o(.ARM.Collect$$$$00002712)
    __lit__00000000                          0x08000198   Data           4  entry2.o(.ARM.Collect$$$$00002712)
    .text                                    0x0800019c   Section       36  startup_stm32f407xx.o(.text)
    $v0                                      0x0800019c   Number         0  startup_stm32f407xx.o(.text)
    .text                                    0x080001c0   Section        0  rand.o(.text)
    .text                                    0x080001e4   Section        0  dmul.o(.text)
    .text                                    0x080002c8   Section        0  f2d.o(.text)
    .text                                    0x080002ee   Section        0  d2f.o(.text)
    .text                                    0x08000326   Section        0  uidiv.o(.text)
    .text                                    0x08000352   Section        0  uldiv.o(.text)
    .text                                    0x080003b4   Section        0  iusefp.o(.text)
    .text                                    0x080003b4   Section        0  fepilogue.o(.text)
    .text                                    0x08000422   Section        0  depilogue.o(.text)
    .text                                    0x080004dc   Section        0  dadd.o(.text)
    .text                                    0x0800062a   Section        0  ddiv.o(.text)
    .text                                    0x08000708   Section        0  dfixul.o(.text)
    .text                                    0x08000738   Section       48  cdrcmple.o(.text)
    .text                                    0x08000768   Section       36  init.o(.text)
    .text                                    0x0800078c   Section        0  llshl.o(.text)
    .text                                    0x080007aa   Section        0  llushr.o(.text)
    .text                                    0x080007ca   Section        0  llsshr.o(.text)
    i.ADC_DMAConvCplt                        0x080007f0   Section        0  stm32f4xx_hal_adc.o(i.ADC_DMAConvCplt)
    ADC_DMAConvCplt                          0x080007f1   Thumb Code    30  stm32f4xx_hal_adc.o(i.ADC_DMAConvCplt)
    i.ADC_DMAError                           0x0800080e   Section        0  stm32f4xx_hal_adc.o(i.ADC_DMAError)
    ADC_DMAError                             0x0800080f   Thumb Code    24  stm32f4xx_hal_adc.o(i.ADC_DMAError)
    i.ADC_DMAHalfConvCplt                    0x08000826   Section        0  stm32f4xx_hal_adc.o(i.ADC_DMAHalfConvCplt)
    ADC_DMAHalfConvCplt                      0x08000827   Thumb Code    10  stm32f4xx_hal_adc.o(i.ADC_DMAHalfConvCplt)
    i.ADC_Init                               0x08000830   Section        0  stm32f4xx_hal_adc.o(i.ADC_Init)
    ADC_Init                                 0x08000831   Thumb Code   300  stm32f4xx_hal_adc.o(i.ADC_Init)
    i.DC_Task                                0x08000964   Section        0  main.o(i.DC_Task)
    i.DMA2_Stream0_IRQHandler                0x08000a20   Section        0  stm32f4xx_it.o(i.DMA2_Stream0_IRQHandler)
    i.DMA_CalcBaseAndBitshift                0x08000a2c   Section        0  stm32f4xx_hal_dma.o(i.DMA_CalcBaseAndBitshift)
    DMA_CalcBaseAndBitshift                  0x08000a2d   Thumb Code    34  stm32f4xx_hal_dma.o(i.DMA_CalcBaseAndBitshift)
    i.DMA_SetConfig                          0x08000a54   Section        0  stm32f4xx_hal_dma.o(i.DMA_SetConfig)
    DMA_SetConfig                            0x08000a55   Thumb Code    40  stm32f4xx_hal_dma.o(i.DMA_SetConfig)
    i.EXTI15_10_IRQHandler                   0x08000a7c   Section        0  stm32f4xx_it.o(i.EXTI15_10_IRQHandler)
    i.HAL_ADC_ConfigChannel                  0x08000a84   Section        0  stm32f4xx_hal_adc.o(i.HAL_ADC_ConfigChannel)
    i.HAL_ADC_ConvCpltCallback               0x08000bd4   Section        0  stm32f4xx_hal_adc.o(i.HAL_ADC_ConvCpltCallback)
    i.HAL_ADC_ConvHalfCpltCallback           0x08000bd6   Section        0  stm32f4xx_hal_adc.o(i.HAL_ADC_ConvHalfCpltCallback)
    i.HAL_ADC_ErrorCallback                  0x08000bd8   Section        0  stm32f4xx_hal_adc.o(i.HAL_ADC_ErrorCallback)
    i.HAL_ADC_Init                           0x08000bda   Section        0  stm32f4xx_hal_adc.o(i.HAL_ADC_Init)
    i.HAL_ADC_MspInit                        0x08000c14   Section        0  adc.o(i.HAL_ADC_MspInit)
    i.HAL_ADC_Start_DMA                      0x08000c98   Section        0  stm32f4xx_hal_adc.o(i.HAL_ADC_Start_DMA)
    i.HAL_DMA_IRQHandler                     0x08000d48   Section        0  stm32f4xx_hal_dma.o(i.HAL_DMA_IRQHandler)
    i.HAL_DMA_Init                           0x08000ee8   Section        0  stm32f4xx_hal_dma.o(i.HAL_DMA_Init)
    i.HAL_DMA_Start_IT                       0x08000f60   Section        0  stm32f4xx_hal_dma.o(i.HAL_DMA_Start_IT)
    i.HAL_Delay                              0x08000fae   Section        0  stm32f4xx_hal.o(i.HAL_Delay)
    i.HAL_GPIO_EXTI_Callback                 0x08000fd8   Section        0  main.o(i.HAL_GPIO_EXTI_Callback)
    i.HAL_GPIO_EXTI_IRQHandler               0x08000ff4   Section        0  stm32f4xx_hal_gpio.o(i.HAL_GPIO_EXTI_IRQHandler)
    i.HAL_GPIO_Init                          0x0800100c   Section        0  stm32f4xx_hal_gpio.o(i.HAL_GPIO_Init)
    i.HAL_GPIO_ReadPin                       0x080011cc   Section        0  stm32f4xx_hal_gpio.o(i.HAL_GPIO_ReadPin)
    i.HAL_GPIO_WritePin                      0x080011d6   Section        0  stm32f4xx_hal_gpio.o(i.HAL_GPIO_WritePin)
    i.HAL_GetTick                            0x080011e0   Section        0  stm32f4xx_hal.o(i.HAL_GetTick)
    i.HAL_I2C_Init                           0x080011ec   Section        0  stm32f4xx_hal_i2c.o(i.HAL_I2C_Init)
    i.HAL_I2C_Mem_Read                       0x080012ec   Section        0  stm32f4xx_hal_i2c.o(i.HAL_I2C_Mem_Read)
    i.HAL_I2C_Mem_Write                      0x080014b0   Section        0  stm32f4xx_hal_i2c.o(i.HAL_I2C_Mem_Write)
    i.HAL_I2C_MspInit                        0x0800159c   Section        0  i2c.o(i.HAL_I2C_MspInit)
    i.HAL_IWDG_Init                          0x080015e8   Section        0  stm32f4xx_hal_iwdg.o(i.HAL_IWDG_Init)
    i.HAL_IWDG_MspInit                       0x08001632   Section        0  main.o(i.HAL_IWDG_MspInit)
    i.HAL_IWDG_Refresh                       0x08001634   Section        0  stm32f4xx_hal_iwdg.o(i.HAL_IWDG_Refresh)
    i.HAL_IWDG_Start                         0x08001688   Section        0  stm32f4xx_hal_iwdg.o(i.HAL_IWDG_Start)
    i.HAL_IncTick                            0x080016b4   Section        0  stm32f4xx_hal.o(i.HAL_IncTick)
    i.HAL_Init                               0x080016c4   Section        0  stm32f4xx_hal.o(i.HAL_Init)
    i.HAL_InitTick                           0x080016f8   Section        0  stm32f4xx_hal.o(i.HAL_InitTick)
    i.HAL_MspInit                            0x0800171a   Section        0  stm32f4xx_hal_msp.o(i.HAL_MspInit)
    i.HAL_NVIC_EnableIRQ                     0x08001730   Section        0  stm32f4xx_hal_cortex.o(i.HAL_NVIC_EnableIRQ)
    i.HAL_NVIC_SetPriority                   0x08001748   Section        0  stm32f4xx_hal_cortex.o(i.HAL_NVIC_SetPriority)
    i.HAL_NVIC_SetPriorityGrouping           0x08001788   Section        0  stm32f4xx_hal_cortex.o(i.HAL_NVIC_SetPriorityGrouping)
    i.HAL_NVIC_SystemReset                   0x080017ac   Section        0  stm32f4xx_hal_cortex.o(i.HAL_NVIC_SystemReset)
    i.HAL_PWR_EnterSLEEPMode                 0x080017d0   Section        0  stm32f4xx_hal_pwr.o(i.HAL_PWR_EnterSLEEPMode)
    i.HAL_RCC_ClockConfig                    0x080017f0   Section        0  stm32f4xx_hal_rcc.o(i.HAL_RCC_ClockConfig)
    i.HAL_RCC_GetHCLKFreq                    0x080019fc   Section        0  stm32f4xx_hal_rcc.o(i.HAL_RCC_GetHCLKFreq)
    i.HAL_RCC_GetPCLK1Freq                   0x08001a30   Section        0  stm32f4xx_hal_rcc.o(i.HAL_RCC_GetPCLK1Freq)
    i.HAL_RCC_GetPCLK2Freq                   0x08001a5c   Section        0  stm32f4xx_hal_rcc.o(i.HAL_RCC_GetPCLK2Freq)
    i.HAL_RCC_GetSysClockFreq                0x08001a88   Section        0  stm32f4xx_hal_rcc.o(i.HAL_RCC_GetSysClockFreq)
    i.HAL_RCC_OscConfig                      0x08001afc   Section        0  stm32f4xx_hal_rcc.o(i.HAL_RCC_OscConfig)
    i.HAL_SYSTICK_CLKSourceConfig            0x08001e38   Section        0  stm32f4xx_hal_cortex.o(i.HAL_SYSTICK_CLKSourceConfig)
    i.HAL_SYSTICK_Callback                   0x08001e50   Section        0  main.o(i.HAL_SYSTICK_Callback)
    i.HAL_SYSTICK_Config                     0x08001e64   Section        0  stm32f4xx_hal_cortex.o(i.HAL_SYSTICK_Config)
    i.HAL_SYSTICK_IRQHandler                 0x08001e8c   Section        0  stm32f4xx_hal_cortex.o(i.HAL_SYSTICK_IRQHandler)
    i.HAL_UART_ErrorCallback                 0x08001e94   Section        0  stm32f4xx_hal_uart.o(i.HAL_UART_ErrorCallback)
    i.HAL_UART_IRQHandler                    0x08001e98   Section        0  stm32f4xx_hal_uart.o(i.HAL_UART_IRQHandler)
    i.HAL_UART_Init                          0x08001fa2   Section        0  stm32f4xx_hal_uart.o(i.HAL_UART_Init)
    i.HAL_UART_MspInit                       0x08002000   Section        0  usart.o(i.HAL_UART_MspInit)
    i.HAL_UART_RxCpltCallback                0x0800205c   Section        0  stm32f4xx_hal_uart.o(i.HAL_UART_RxCpltCallback)
    i.HAL_UART_TxCpltCallback                0x0800205e   Section        0  stm32f4xx_hal_uart.o(i.HAL_UART_TxCpltCallback)
    i.I2C_DC_Motor_Write                     0x08002060   Section        0  main.o(i.I2C_DC_Motor_Write)
    i.I2C_DC_Motor_WriteOneByte              0x08002094   Section        0  main.o(i.I2C_DC_Motor_WriteOneByte)
    i.I2C_RequestMemoryRead                  0x080020c8   Section        0  stm32f4xx_hal_i2c.o(i.I2C_RequestMemoryRead)
    I2C_RequestMemoryRead                    0x080020c9   Thumb Code   218  stm32f4xx_hal_i2c.o(i.I2C_RequestMemoryRead)
    i.I2C_RequestMemoryWrite                 0x080021a8   Section        0  stm32f4xx_hal_i2c.o(i.I2C_RequestMemoryWrite)
    I2C_RequestMemoryWrite                   0x080021a9   Thumb Code   140  stm32f4xx_hal_i2c.o(i.I2C_RequestMemoryWrite)
    i.I2C_WaitOnFlagUntilTimeout             0x08002238   Section        0  stm32f4xx_hal_i2c.o(i.I2C_WaitOnFlagUntilTimeout)
    I2C_WaitOnFlagUntilTimeout               0x08002239   Thumb Code   138  stm32f4xx_hal_i2c.o(i.I2C_WaitOnFlagUntilTimeout)
    i.I2C_WaitOnMasterAddressFlagUntilTimeout 0x080022c4   Section        0  stm32f4xx_hal_i2c.o(i.I2C_WaitOnMasterAddressFlagUntilTimeout)
    I2C_WaitOnMasterAddressFlagUntilTimeout  0x080022c5   Thumb Code   136  stm32f4xx_hal_i2c.o(i.I2C_WaitOnMasterAddressFlagUntilTimeout)
    i.I2C_ZLG7290_Read                       0x0800234c   Section        0  zlg7290.o(i.I2C_ZLG7290_Read)
    i.I2C_ZLG7290_Write                      0x0800237c   Section        0  zlg7290.o(i.I2C_ZLG7290_Write)
    i.I2C_ZLG7290_WriteOneByte               0x080023b0   Section        0  zlg7290.o(i.I2C_ZLG7290_WriteOneByte)
    i.MX_ADC3_Init                           0x080023e4   Section        0  adc.o(i.MX_ADC3_Init)
    i.MX_DMA_Init                            0x08002454   Section        0  dma.o(i.MX_DMA_Init)
    i.MX_GPIO_Init                           0x08002480   Section        0  gpio.o(i.MX_GPIO_Init)
    i.MX_I2C1_Init                           0x080025e8   Section        0  i2c.o(i.MX_I2C1_Init)
    i.MX_IWDG_Init                           0x08002618   Section        0  main.o(i.MX_IWDG_Init)
    i.MX_USART1_UART_Init                    0x08002634   Section        0  usart.o(i.MX_USART1_UART_Init)
    i.NVIC_SetPriority                       0x0800265c   Section        0  stm32f4xx_hal_cortex.o(i.NVIC_SetPriority)
    NVIC_SetPriority                         0x0800265d   Thumb Code    32  stm32f4xx_hal_cortex.o(i.NVIC_SetPriority)
    i.SysTick_Handler                        0x0800267c   Section        0  stm32f4xx_it.o(i.SysTick_Handler)
    i.SystemClock_Config                     0x0800268c   Section        0  main.o(i.SystemClock_Config)
    i.SystemInit                             0x08002738   Section        0  system_stm32f4xx.o(i.SystemInit)
    i.Turn_Off_LED                           0x0800278c   Section        0  main.o(i.Turn_Off_LED)
    i.Turn_On_LED                            0x080027d0   Section        0  main.o(i.Turn_On_LED)
    i.UART_Receive_IT                        0x08002814   Section        0  stm32f4xx_hal_uart.o(i.UART_Receive_IT)
    UART_Receive_IT                          0x08002815   Thumb Code   168  stm32f4xx_hal_uart.o(i.UART_Receive_IT)
    i.UART_SetConfig                         0x080028bc   Section        0  stm32f4xx_hal_uart.o(i.UART_SetConfig)
    UART_SetConfig                           0x080028bd   Thumb Code   366  stm32f4xx_hal_uart.o(i.UART_SetConfig)
    i.UART_Transmit_IT                       0x08002a34   Section        0  stm32f4xx_hal_uart.o(i.UART_Transmit_IT)
    UART_Transmit_IT                         0x08002a35   Thumb Code   102  stm32f4xx_hal_uart.o(i.UART_Transmit_IT)
    i.USART1_IRQHandler                      0x08002a9c   Section        0  stm32f4xx_it.o(i.USART1_IRQHandler)
    i.__0printf                              0x08002aa8   Section        0  printfa.o(i.__0printf)
    i.__scatterload_copy                     0x08002ac8   Section       14  handlers.o(i.__scatterload_copy)
    i.__scatterload_null                     0x08002ad6   Section        2  handlers.o(i.__scatterload_null)
    i.__scatterload_zeroinit                 0x08002ad8   Section       14  handlers.o(i.__scatterload_zeroinit)
    i._fp_digits                             0x08002ae8   Section        0  printfa.o(i._fp_digits)
    _fp_digits                               0x08002ae9   Thumb Code   366  printfa.o(i._fp_digits)
    i._printf_core                           0x08002c6c   Section        0  printfa.o(i._printf_core)
    _printf_core                             0x08002c6d   Thumb Code  1744  printfa.o(i._printf_core)
    i._printf_post_padding                   0x08003348   Section        0  printfa.o(i._printf_post_padding)
    _printf_post_padding                     0x08003349   Thumb Code    36  printfa.o(i._printf_post_padding)
    i._printf_pre_padding                    0x0800336c   Section        0  printfa.o(i._printf_pre_padding)
    _printf_pre_padding                      0x0800336d   Thumb Code    46  printfa.o(i._printf_pre_padding)
    i.fputc                                  0x0800339c   Section        0  main.o(i.fputc)
    i.get_now_alcohol                        0x080033b0   Section        0  main.o(i.get_now_alcohol)
    i.get_now_flame                          0x08003400   Section        0  main.o(i.get_now_flame)
    i.get_now_gas                            0x08003450   Section        0  main.o(i.get_now_gas)
    i.get_now_light                          0x080034dc   Section        0  main.o(i.get_now_light)
    i.main                                   0x0800352c   Section        0  main.o(i.main)
    i.malloc                                 0x080037f8   Section        0  malloc.o(i.malloc)
    i.marquee                                0x08003864   Section        0  main.o(i.marquee)
    i.motor_v                                0x08003900   Section        0  main.o(i.motor_v)
    i.read_alcohol                           0x08003988   Section        0  main.o(i.read_alcohol)
    i.read_all_sensors                       0x08003a20   Section        0  main.o(i.read_all_sensors)
    i.read_flame                             0x08003a38   Section        0  main.o(i.read_flame)
    i.read_gas                               0x08003ad0   Section        0  main.o(i.read_gas)
    i.read_light                             0x08003b68   Section        0  main.o(i.read_light)
    i.recovery_handle                        0x08003c00   Section        0  main.o(i.recovery_handle)
    i.set_buffer                             0x08003c70   Section        0  main.o(i.set_buffer)
    i.set_now_alcohol                        0x08003ca8   Section        0  main.o(i.set_now_alcohol)
    i.set_now_flame                          0x08003cdc   Section        0  main.o(i.set_now_flame)
    i.set_now_gas                            0x08003d10   Section        0  main.o(i.set_now_gas)
    i.set_now_light                          0x08003d44   Section        0  main.o(i.set_now_light)
    i.show_sensor_data                       0x08003d78   Section        0  main.o(i.show_sensor_data)
    i.switch_flag                            0x08003e78   Section        0  main.o(i.switch_flag)
    i.swtich_key                             0x08003efc   Section        0  main.o(i.swtich_key)
    i.update_checksum                        0x08003f84   Section        0  main.o(i.update_checksum)
    i.update_state_and_cnt                   0x08003fa4   Section        0  main.o(i.update_state_and_cnt)
    i.verify_checksum                        0x080040cc   Section        0  main.o(i.verify_checksum)
    .constdata                               0x080040e8   Section       16  stm32f4xx_hal_rcc.o(.constdata)
    .constdata                               0x080040f8   Section        8  stm32f4xx_hal_dma.o(.constdata)
    flagBitshiftOffset                       0x080040f8   Data           8  stm32f4xx_hal_dma.o(.constdata)
    .conststring                             0x08004100   Section      202  main.o(.conststring)
    .data                                    0x20000000   Section       64  main.o(.data)
    .data                                    0x20000040   Section        4  zlg7290.o(.data)
    .data                                    0x20000044   Section        4  system_stm32f4xx.o(.data)
    .data                                    0x20000048   Section        4  stm32f4xx_hal.o(.data)
    uwTick                                   0x20000048   Data           4  stm32f4xx_hal.o(.data)
    .data                                    0x2000004c   Section        4  rand.o(.data)
    _rand_state                              0x2000004c   Data           4  rand.o(.data)
    .data                                    0x20000050   Section        4  stdout.o(.data)
    .data                                    0x20000054   Section        4  mvars.o(.data)
    .data                                    0x20000058   Section        4  mvars.o(.data)
    .bss                                     0x2000005c   Section       40  main.o(.bss)
    .bss                                     0x20000084   Section      156  adc.o(.bss)
    .bss                                     0x20000120   Section       64  usart.o(.bss)
    .bss                                     0x20000160   Section       60  i2c.o(.bss)
    HEAP                                     0x200001a0   Section      512  startup_stm32f407xx.o(HEAP)
    STACK                                    0x200003a0   Section     1024  startup_stm32f407xx.o(STACK)
    NO_INIT                                  0x20010000   Section       32  main.o(NO_INIT)

    Global Symbols

    Symbol Name                              Value     Ov Type        Size  Object(Section)

    BuildAttributes$$THM_ISAv4$E$P$D$K$B$S$7EM$VFPi3$EXTD16$VFPS$VFMA$PE$A:L22UL41UL21$X:L11$S22US41US21$IEEE1$IW$USESV6$~STKCKD$USESV7$~SHL$OTIME$ROPI$EBA8$MICROLIB$REQ8$PRES8$EABIv2 0x00000000   Number         0  anon$$obj.o ABSOLUTE
    __ARM_use_no_argv                        0x00000000   Number         0  main.o ABSOLUTE
    _printf_a                                0x00000000   Number         0  stubs.o ABSOLUTE
    _printf_c                                0x00000000   Number         0  stubs.o ABSOLUTE
    _printf_charcount                        0x00000000   Number         0  stubs.o ABSOLUTE
    _printf_d                                0x00000000   Number         0  stubs.o ABSOLUTE
    _printf_e                                0x00000000   Number         0  stubs.o ABSOLUTE
    _printf_f                                0x00000000   Number         0  stubs.o ABSOLUTE
    _printf_flags                            0x00000000   Number         0  stubs.o ABSOLUTE
    _printf_fp_dec                           0x00000000   Number         0  stubs.o ABSOLUTE
    _printf_fp_hex                           0x00000000   Number         0  stubs.o ABSOLUTE
    _printf_g                                0x00000000   Number         0  stubs.o ABSOLUTE
    _printf_i                                0x00000000   Number         0  stubs.o ABSOLUTE
    _printf_int_dec                          0x00000000   Number         0  stubs.o ABSOLUTE
    _printf_l                                0x00000000   Number         0  stubs.o ABSOLUTE
    _printf_lc                               0x00000000   Number         0  stubs.o ABSOLUTE
    _printf_ll                               0x00000000   Number         0  stubs.o ABSOLUTE
    _printf_lld                              0x00000000   Number         0  stubs.o ABSOLUTE
    _printf_lli                              0x00000000   Number         0  stubs.o ABSOLUTE
    _printf_llo                              0x00000000   Number         0  stubs.o ABSOLUTE
    _printf_llu                              0x00000000   Number         0  stubs.o ABSOLUTE
    _printf_llx                              0x00000000   Number         0  stubs.o ABSOLUTE
    _printf_longlong_dec                     0x00000000   Number         0  stubs.o ABSOLUTE
    _printf_longlong_hex                     0x00000000   Number         0  stubs.o ABSOLUTE
    _printf_longlong_oct                     0x00000000   Number         0  stubs.o ABSOLUTE
    _printf_ls                               0x00000000   Number         0  stubs.o ABSOLUTE
    _printf_mbtowc                           0x00000000   Number         0  stubs.o ABSOLUTE
    _printf_n                                0x00000000   Number         0  stubs.o ABSOLUTE
    _printf_o                                0x00000000   Number         0  stubs.o ABSOLUTE
    _printf_p                                0x00000000   Number         0  stubs.o ABSOLUTE
    _printf_percent                          0x00000000   Number         0  stubs.o ABSOLUTE
    _printf_pre_padding                      0x00000000   Number         0  stubs.o ABSOLUTE
    _printf_return_value                     0x00000000   Number         0  stubs.o ABSOLUTE
    _printf_s                                0x00000000   Number         0  stubs.o ABSOLUTE
    _printf_sizespec                         0x00000000   Number         0  stubs.o ABSOLUTE
    _printf_str                              0x00000000   Number         0  stubs.o ABSOLUTE
    _printf_truncate_signed                  0x00000000   Number         0  stubs.o ABSOLUTE
    _printf_truncate_unsigned                0x00000000   Number         0  stubs.o ABSOLUTE
    _printf_u                                0x00000000   Number         0  stubs.o ABSOLUTE
    _printf_wc                               0x00000000   Number         0  stubs.o ABSOLUTE
    _printf_wctomb                           0x00000000   Number         0  stubs.o ABSOLUTE
    _printf_widthprec                        0x00000000   Number         0  stubs.o ABSOLUTE
    _printf_x                                0x00000000   Number         0  stubs.o ABSOLUTE
    __cpp_initialize__aeabi_                  - Undefined Weak Reference
    __cxa_finalize                            - Undefined Weak Reference
    __decompress                              - Undefined Weak Reference
    _clock_init                               - Undefined Weak Reference
    _microlib_exit                            - Undefined Weak Reference
    __Vectors_Size                           0x00000188   Number         0  startup_stm32f407xx.o ABSOLUTE
    __Vectors                                0x08000000   Data           4  startup_stm32f407xx.o(RESET)
    __Vectors_End                            0x08000188   Data           0  startup_stm32f407xx.o(RESET)
    __main                                   0x08000189   Thumb Code     0  entry.o(.ARM.Collect$$$$00000000)
    _main_stk                                0x08000189   Thumb Code     0  entry2.o(.ARM.Collect$$$$00000001)
    _main_scatterload                        0x0800018d   Thumb Code     0  entry5.o(.ARM.Collect$$$$00000004)
    __main_after_scatterload                 0x08000191   Thumb Code     0  entry5.o(.ARM.Collect$$$$00000004)
    _main_clock                              0x08000191   Thumb Code     0  entry7b.o(.ARM.Collect$$$$00000008)
    _main_cpp_init                           0x08000191   Thumb Code     0  entry8b.o(.ARM.Collect$$$$0000000A)
    _main_init                               0x08000191   Thumb Code     0  entry9a.o(.ARM.Collect$$$$0000000B)
    __rt_final_cpp                           0x08000199   Thumb Code     0  entry10a.o(.ARM.Collect$$$$0000000D)
    __rt_final_exit                          0x08000199   Thumb Code     0  entry11a.o(.ARM.Collect$$$$0000000F)
    Reset_Handler                            0x0800019d   Thumb Code     8  startup_stm32f407xx.o(.text)
    NMI_Handler                              0x080001a5   Thumb Code     2  startup_stm32f407xx.o(.text)
    HardFault_Handler                        0x080001a7   Thumb Code     2  startup_stm32f407xx.o(.text)
    MemManage_Handler                        0x080001a9   Thumb Code     2  startup_stm32f407xx.o(.text)
    BusFault_Handler                         0x080001ab   Thumb Code     2  startup_stm32f407xx.o(.text)
    UsageFault_Handler                       0x080001ad   Thumb Code     2  startup_stm32f407xx.o(.text)
    SVC_Handler                              0x080001af   Thumb Code     2  startup_stm32f407xx.o(.text)
    DebugMon_Handler                         0x080001b1   Thumb Code     2  startup_stm32f407xx.o(.text)
    PendSV_Handler                           0x080001b3   Thumb Code     2  startup_stm32f407xx.o(.text)
    ADC_IRQHandler                           0x080001b7   Thumb Code     0  startup_stm32f407xx.o(.text)
    CAN1_RX0_IRQHandler                      0x080001b7   Thumb Code     0  startup_stm32f407xx.o(.text)
    CAN1_RX1_IRQHandler                      0x080001b7   Thumb Code     0  startup_stm32f407xx.o(.text)
    CAN1_SCE_IRQHandler                      0x080001b7   Thumb Code     0  startup_stm32f407xx.o(.text)
    CAN1_TX_IRQHandler                       0x080001b7   Thumb Code     0  startup_stm32f407xx.o(.text)
    CAN2_RX0_IRQHandler                      0x080001b7   Thumb Code     0  startup_stm32f407xx.o(.text)
    CAN2_RX1_IRQHandler                      0x080001b7   Thumb Code     0  startup_stm32f407xx.o(.text)
    CAN2_SCE_IRQHandler                      0x080001b7   Thumb Code     0  startup_stm32f407xx.o(.text)
    CAN2_TX_IRQHandler                       0x080001b7   Thumb Code     0  startup_stm32f407xx.o(.text)
    DCMI_IRQHandler                          0x080001b7   Thumb Code     0  startup_stm32f407xx.o(.text)
    DMA1_Stream0_IRQHandler                  0x080001b7   Thumb Code     0  startup_stm32f407xx.o(.text)
    DMA1_Stream1_IRQHandler                  0x080001b7   Thumb Code     0  startup_stm32f407xx.o(.text)
    DMA1_Stream2_IRQHandler                  0x080001b7   Thumb Code     0  startup_stm32f407xx.o(.text)
    DMA1_Stream3_IRQHandler                  0x080001b7   Thumb Code     0  startup_stm32f407xx.o(.text)
    DMA1_Stream4_IRQHandler                  0x080001b7   Thumb Code     0  startup_stm32f407xx.o(.text)
    DMA1_Stream5_IRQHandler                  0x080001b7   Thumb Code     0  startup_stm32f407xx.o(.text)
    DMA1_Stream6_IRQHandler                  0x080001b7   Thumb Code     0  startup_stm32f407xx.o(.text)
    DMA1_Stream7_IRQHandler                  0x080001b7   Thumb Code     0  startup_stm32f407xx.o(.text)
    DMA2_Stream1_IRQHandler                  0x080001b7   Thumb Code     0  startup_stm32f407xx.o(.text)
    DMA2_Stream2_IRQHandler                  0x080001b7   Thumb Code     0  startup_stm32f407xx.o(.text)
    DMA2_Stream3_IRQHandler                  0x080001b7   Thumb Code     0  startup_stm32f407xx.o(.text)
    DMA2_Stream4_IRQHandler                  0x080001b7   Thumb Code     0  startup_stm32f407xx.o(.text)
    DMA2_Stream5_IRQHandler                  0x080001b7   Thumb Code     0  startup_stm32f407xx.o(.text)
    DMA2_Stream6_IRQHandler                  0x080001b7   Thumb Code     0  startup_stm32f407xx.o(.text)
    DMA2_Stream7_IRQHandler                  0x080001b7   Thumb Code     0  startup_stm32f407xx.o(.text)
    ETH_IRQHandler                           0x080001b7   Thumb Code     0  startup_stm32f407xx.o(.text)
    ETH_WKUP_IRQHandler                      0x080001b7   Thumb Code     0  startup_stm32f407xx.o(.text)
    EXTI0_IRQHandler                         0x080001b7   Thumb Code     0  startup_stm32f407xx.o(.text)
    EXTI1_IRQHandler                         0x080001b7   Thumb Code     0  startup_stm32f407xx.o(.text)
    EXTI2_IRQHandler                         0x080001b7   Thumb Code     0  startup_stm32f407xx.o(.text)
    EXTI3_IRQHandler                         0x080001b7   Thumb Code     0  startup_stm32f407xx.o(.text)
    EXTI4_IRQHandler                         0x080001b7   Thumb Code     0  startup_stm32f407xx.o(.text)
    EXTI9_5_IRQHandler                       0x080001b7   Thumb Code     0  startup_stm32f407xx.o(.text)
    FLASH_IRQHandler                         0x080001b7   Thumb Code     0  startup_stm32f407xx.o(.text)
    FMC_IRQHandler                           0x080001b7   Thumb Code     0  startup_stm32f407xx.o(.text)
    FPU_IRQHandler                           0x080001b7   Thumb Code     0  startup_stm32f407xx.o(.text)
    HASH_RNG_IRQHandler                      0x080001b7   Thumb Code     0  startup_stm32f407xx.o(.text)
    I2C1_ER_IRQHandler                       0x080001b7   Thumb Code     0  startup_stm32f407xx.o(.text)
    I2C1_EV_IRQHandler                       0x080001b7   Thumb Code     0  startup_stm32f407xx.o(.text)
    I2C2_ER_IRQHandler                       0x080001b7   Thumb Code     0  startup_stm32f407xx.o(.text)
    I2C2_EV_IRQHandler                       0x080001b7   Thumb Code     0  startup_stm32f407xx.o(.text)
    I2C3_ER_IRQHandler                       0x080001b7   Thumb Code     0  startup_stm32f407xx.o(.text)
    I2C3_EV_IRQHandler                       0x080001b7   Thumb Code     0  startup_stm32f407xx.o(.text)
    OTG_FS_IRQHandler                        0x080001b7   Thumb Code     0  startup_stm32f407xx.o(.text)
    OTG_FS_WKUP_IRQHandler                   0x080001b7   Thumb Code     0  startup_stm32f407xx.o(.text)
    OTG_HS_EP1_IN_IRQHandler                 0x080001b7   Thumb Code     0  startup_stm32f407xx.o(.text)
    OTG_HS_EP1_OUT_IRQHandler                0x080001b7   Thumb Code     0  startup_stm32f407xx.o(.text)
    OTG_HS_IRQHandler                        0x080001b7   Thumb Code     0  startup_stm32f407xx.o(.text)
    OTG_HS_WKUP_IRQHandler                   0x080001b7   Thumb Code     0  startup_stm32f407xx.o(.text)
    PVD_IRQHandler                           0x080001b7   Thumb Code     0  startup_stm32f407xx.o(.text)
    RCC_IRQHandler                           0x080001b7   Thumb Code     0  startup_stm32f407xx.o(.text)
    RTC_Alarm_IRQHandler                     0x080001b7   Thumb Code     0  startup_stm32f407xx.o(.text)
    RTC_WKUP_IRQHandler                      0x080001b7   Thumb Code     0  startup_stm32f407xx.o(.text)
    SDIO_IRQHandler                          0x080001b7   Thumb Code     0  startup_stm32f407xx.o(.text)
    SPI1_IRQHandler                          0x080001b7   Thumb Code     0  startup_stm32f407xx.o(.text)
    SPI2_IRQHandler                          0x080001b7   Thumb Code     0  startup_stm32f407xx.o(.text)
    SPI3_IRQHandler                          0x080001b7   Thumb Code     0  startup_stm32f407xx.o(.text)
    TAMP_STAMP_IRQHandler                    0x080001b7   Thumb Code     0  startup_stm32f407xx.o(.text)
    TIM1_BRK_TIM9_IRQHandler                 0x080001b7   Thumb Code     0  startup_stm32f407xx.o(.text)
    TIM1_CC_IRQHandler                       0x080001b7   Thumb Code     0  startup_stm32f407xx.o(.text)
    TIM1_TRG_COM_TIM11_IRQHandler            0x080001b7   Thumb Code     0  startup_stm32f407xx.o(.text)
    TIM1_UP_TIM10_IRQHandler                 0x080001b7   Thumb Code     0  startup_stm32f407xx.o(.text)
    TIM2_IRQHandler                          0x080001b7   Thumb Code     0  startup_stm32f407xx.o(.text)
    TIM3_IRQHandler                          0x080001b7   Thumb Code     0  startup_stm32f407xx.o(.text)
    TIM4_IRQHandler                          0x080001b7   Thumb Code     0  startup_stm32f407xx.o(.text)
    TIM5_IRQHandler                          0x080001b7   Thumb Code     0  startup_stm32f407xx.o(.text)
    TIM6_DAC_IRQHandler                      0x080001b7   Thumb Code     0  startup_stm32f407xx.o(.text)
    TIM7_IRQHandler                          0x080001b7   Thumb Code     0  startup_stm32f407xx.o(.text)
    TIM8_BRK_TIM12_IRQHandler                0x080001b7   Thumb Code     0  startup_stm32f407xx.o(.text)
    TIM8_CC_IRQHandler                       0x080001b7   Thumb Code     0  startup_stm32f407xx.o(.text)
    TIM8_TRG_COM_TIM14_IRQHandler            0x080001b7   Thumb Code     0  startup_stm32f407xx.o(.text)
    TIM8_UP_TIM13_IRQHandler                 0x080001b7   Thumb Code     0  startup_stm32f407xx.o(.text)
    UART4_IRQHandler                         0x080001b7   Thumb Code     0  startup_stm32f407xx.o(.text)
    UART5_IRQHandler                         0x080001b7   Thumb Code     0  startup_stm32f407xx.o(.text)
    USART2_IRQHandler                        0x080001b7   Thumb Code     0  startup_stm32f407xx.o(.text)
    USART3_IRQHandler                        0x080001b7   Thumb Code     0  startup_stm32f407xx.o(.text)
    USART6_IRQHandler                        0x080001b7   Thumb Code     0  startup_stm32f407xx.o(.text)
    WWDG_IRQHandler                          0x080001b7   Thumb Code     0  startup_stm32f407xx.o(.text)
    rand                                     0x080001c1   Thumb Code    20  rand.o(.text)
    srand                                    0x080001d5   Thumb Code     6  rand.o(.text)
    __aeabi_dmul                             0x080001e5   Thumb Code   228  dmul.o(.text)
    __aeabi_f2d                              0x080002c9   Thumb Code    38  f2d.o(.text)
    __aeabi_d2f                              0x080002ef   Thumb Code    56  d2f.o(.text)
    __aeabi_uidiv                            0x08000327   Thumb Code     0  uidiv.o(.text)
    __aeabi_uidivmod                         0x08000327   Thumb Code    44  uidiv.o(.text)
    __aeabi_uldivmod                         0x08000353   Thumb Code    98  uldiv.o(.text)
    __I$use$fp                               0x080003b5   Thumb Code     0  iusefp.o(.text)
    _float_round                             0x080003b5   Thumb Code    18  fepilogue.o(.text)
    _float_epilogue                          0x080003c7   Thumb Code    92  fepilogue.o(.text)
    _double_round                            0x08000423   Thumb Code    30  depilogue.o(.text)
    _double_epilogue                         0x08000441   Thumb Code   156  depilogue.o(.text)
    __aeabi_dadd                             0x080004dd   Thumb Code   322  dadd.o(.text)
    __aeabi_dsub                             0x0800061f   Thumb Code     6  dadd.o(.text)
    __aeabi_drsub                            0x08000625   Thumb Code     6  dadd.o(.text)
    __aeabi_ddiv                             0x0800062b   Thumb Code   222  ddiv.o(.text)
    __aeabi_d2ulz                            0x08000709   Thumb Code    48  dfixul.o(.text)
    __aeabi_cdrcmple                         0x08000739   Thumb Code    48  cdrcmple.o(.text)
    __scatterload                            0x08000769   Thumb Code    28  init.o(.text)
    __scatterload_rt2                        0x08000769   Thumb Code     0  init.o(.text)
    __aeabi_llsl                             0x0800078d   Thumb Code    30  llshl.o(.text)
    _ll_shift_l                              0x0800078d   Thumb Code     0  llshl.o(.text)
    __aeabi_llsr                             0x080007ab   Thumb Code    32  llushr.o(.text)
    _ll_ushift_r                             0x080007ab   Thumb Code     0  llushr.o(.text)
    __aeabi_lasr                             0x080007cb   Thumb Code    36  llsshr.o(.text)
    _ll_sshift_r                             0x080007cb   Thumb Code     0  llsshr.o(.text)
    DC_Task                                  0x08000965   Thumb Code   170  main.o(i.DC_Task)
    DMA2_Stream0_IRQHandler                  0x08000a21   Thumb Code     6  stm32f4xx_it.o(i.DMA2_Stream0_IRQHandler)
    EXTI15_10_IRQHandler                     0x08000a7d   Thumb Code     8  stm32f4xx_it.o(i.EXTI15_10_IRQHandler)
    HAL_ADC_ConfigChannel                    0x08000a85   Thumb Code   322  stm32f4xx_hal_adc.o(i.HAL_ADC_ConfigChannel)
    HAL_ADC_ConvCpltCallback                 0x08000bd5   Thumb Code     2  stm32f4xx_hal_adc.o(i.HAL_ADC_ConvCpltCallback)
    HAL_ADC_ConvHalfCpltCallback             0x08000bd7   Thumb Code     2  stm32f4xx_hal_adc.o(i.HAL_ADC_ConvHalfCpltCallback)
    HAL_ADC_ErrorCallback                    0x08000bd9   Thumb Code     2  stm32f4xx_hal_adc.o(i.HAL_ADC_ErrorCallback)
    HAL_ADC_Init                             0x08000bdb   Thumb Code    58  stm32f4xx_hal_adc.o(i.HAL_ADC_Init)
    HAL_ADC_MspInit                          0x08000c15   Thumb Code   112  adc.o(i.HAL_ADC_MspInit)
    HAL_ADC_Start_DMA                        0x08000c99   Thumb Code   154  stm32f4xx_hal_adc.o(i.HAL_ADC_Start_DMA)
    HAL_DMA_IRQHandler                       0x08000d49   Thumb Code   412  stm32f4xx_hal_dma.o(i.HAL_DMA_IRQHandler)
    HAL_DMA_Init                             0x08000ee9   Thumb Code   116  stm32f4xx_hal_dma.o(i.HAL_DMA_Init)
    HAL_DMA_Start_IT                         0x08000f61   Thumb Code    78  stm32f4xx_hal_dma.o(i.HAL_DMA_Start_IT)
    HAL_Delay                                0x08000faf   Thumb Code    42  stm32f4xx_hal.o(i.HAL_Delay)
    HAL_GPIO_EXTI_Callback                   0x08000fd9   Thumb Code    12  main.o(i.HAL_GPIO_EXTI_Callback)
    HAL_GPIO_EXTI_IRQHandler                 0x08000ff5   Thumb Code    18  stm32f4xx_hal_gpio.o(i.HAL_GPIO_EXTI_IRQHandler)
    HAL_GPIO_Init                            0x0800100d   Thumb Code   398  stm32f4xx_hal_gpio.o(i.HAL_GPIO_Init)
    HAL_GPIO_ReadPin                         0x080011cd   Thumb Code    10  stm32f4xx_hal_gpio.o(i.HAL_GPIO_ReadPin)
    HAL_GPIO_WritePin                        0x080011d7   Thumb Code    10  stm32f4xx_hal_gpio.o(i.HAL_GPIO_WritePin)
    HAL_GetTick                              0x080011e1   Thumb Code     6  stm32f4xx_hal.o(i.HAL_GetTick)
    HAL_I2C_Init                             0x080011ed   Thumb Code   246  stm32f4xx_hal_i2c.o(i.HAL_I2C_Init)
    HAL_I2C_Mem_Read                         0x080012ed   Thumb Code   442  stm32f4xx_hal_i2c.o(i.HAL_I2C_Mem_Read)
    HAL_I2C_Mem_Write                        0x080014b1   Thumb Code   228  stm32f4xx_hal_i2c.o(i.HAL_I2C_Mem_Write)
    HAL_I2C_MspInit                          0x0800159d   Thumb Code    62  i2c.o(i.HAL_I2C_MspInit)
    HAL_IWDG_Init                            0x080015e9   Thumb Code    74  stm32f4xx_hal_iwdg.o(i.HAL_IWDG_Init)
    HAL_IWDG_MspInit                         0x08001633   Thumb Code     2  main.o(i.HAL_IWDG_MspInit)
    HAL_IWDG_Refresh                         0x08001635   Thumb Code    84  stm32f4xx_hal_iwdg.o(i.HAL_IWDG_Refresh)
    HAL_IWDG_Start                           0x08001689   Thumb Code    42  stm32f4xx_hal_iwdg.o(i.HAL_IWDG_Start)
    HAL_IncTick                              0x080016b5   Thumb Code    10  stm32f4xx_hal.o(i.HAL_IncTick)
    HAL_Init                                 0x080016c5   Thumb Code    48  stm32f4xx_hal.o(i.HAL_Init)
    HAL_InitTick                             0x080016f9   Thumb Code    34  stm32f4xx_hal.o(i.HAL_InitTick)
    HAL_MspInit                              0x0800171b   Thumb Code    22  stm32f4xx_hal_msp.o(i.HAL_MspInit)
    HAL_NVIC_EnableIRQ                       0x08001731   Thumb Code    22  stm32f4xx_hal_cortex.o(i.HAL_NVIC_EnableIRQ)
    HAL_NVIC_SetPriority                     0x08001749   Thumb Code    60  stm32f4xx_hal_cortex.o(i.HAL_NVIC_SetPriority)
    HAL_NVIC_SetPriorityGrouping             0x08001789   Thumb Code    26  stm32f4xx_hal_cortex.o(i.HAL_NVIC_SetPriorityGrouping)
    HAL_NVIC_SystemReset                     0x080017ad   Thumb Code    26  stm32f4xx_hal_cortex.o(i.HAL_NVIC_SystemReset)
    HAL_PWR_EnterSLEEPMode                   0x080017d1   Thumb Code    26  stm32f4xx_hal_pwr.o(i.HAL_PWR_EnterSLEEPMode)
    HAL_RCC_ClockConfig                      0x080017f1   Thumb Code   514  stm32f4xx_hal_rcc.o(i.HAL_RCC_ClockConfig)
    HAL_RCC_GetHCLKFreq                      0x080019fd   Thumb Code    38  stm32f4xx_hal_rcc.o(i.HAL_RCC_GetHCLKFreq)
    HAL_RCC_GetPCLK1Freq                     0x08001a31   Thumb Code    36  stm32f4xx_hal_rcc.o(i.HAL_RCC_GetPCLK1Freq)
    HAL_RCC_GetPCLK2Freq                     0x08001a5d   Thumb Code    36  stm32f4xx_hal_rcc.o(i.HAL_RCC_GetPCLK2Freq)
    HAL_RCC_GetSysClockFreq                  0x08001a89   Thumb Code   104  stm32f4xx_hal_rcc.o(i.HAL_RCC_GetSysClockFreq)
    HAL_RCC_OscConfig                        0x08001afd   Thumb Code   806  stm32f4xx_hal_rcc.o(i.HAL_RCC_OscConfig)
    HAL_SYSTICK_CLKSourceConfig              0x08001e39   Thumb Code    24  stm32f4xx_hal_cortex.o(i.HAL_SYSTICK_CLKSourceConfig)
    HAL_SYSTICK_Callback                     0x08001e51   Thumb Code    16  main.o(i.HAL_SYSTICK_Callback)
    HAL_SYSTICK_Config                       0x08001e65   Thumb Code    40  stm32f4xx_hal_cortex.o(i.HAL_SYSTICK_Config)
    HAL_SYSTICK_IRQHandler                   0x08001e8d   Thumb Code     8  stm32f4xx_hal_cortex.o(i.HAL_SYSTICK_IRQHandler)
    HAL_UART_ErrorCallback                   0x08001e95   Thumb Code     2  stm32f4xx_hal_uart.o(i.HAL_UART_ErrorCallback)
    HAL_UART_IRQHandler                      0x08001e99   Thumb Code   266  stm32f4xx_hal_uart.o(i.HAL_UART_IRQHandler)
    HAL_UART_Init                            0x08001fa3   Thumb Code    94  stm32f4xx_hal_uart.o(i.HAL_UART_Init)
    HAL_UART_MspInit                         0x08002001   Thumb Code    80  usart.o(i.HAL_UART_MspInit)
    HAL_UART_RxCpltCallback                  0x0800205d   Thumb Code     2  stm32f4xx_hal_uart.o(i.HAL_UART_RxCpltCallback)
    HAL_UART_TxCpltCallback                  0x0800205f   Thumb Code     2  stm32f4xx_hal_uart.o(i.HAL_UART_TxCpltCallback)
    I2C_DC_Motor_Write                       0x08002061   Thumb Code    50  main.o(i.I2C_DC_Motor_Write)
    I2C_DC_Motor_WriteOneByte                0x08002095   Thumb Code    48  main.o(i.I2C_DC_Motor_WriteOneByte)
    I2C_ZLG7290_Read                         0x0800234d   Thumb Code    44  zlg7290.o(i.I2C_ZLG7290_Read)
    I2C_ZLG7290_Write                        0x0800237d   Thumb Code    50  zlg7290.o(i.I2C_ZLG7290_Write)
    I2C_ZLG7290_WriteOneByte                 0x080023b1   Thumb Code    48  zlg7290.o(i.I2C_ZLG7290_WriteOneByte)
    MX_ADC3_Init                             0x080023e5   Thumb Code   104  adc.o(i.MX_ADC3_Init)
    MX_DMA_Init                              0x08002455   Thumb Code    40  dma.o(i.MX_DMA_Init)
    MX_GPIO_Init                             0x08002481   Thumb Code   320  gpio.o(i.MX_GPIO_Init)
    MX_I2C1_Init                             0x080025e9   Thumb Code    36  i2c.o(i.MX_I2C1_Init)
    MX_IWDG_Init                             0x08002619   Thumb Code    20  main.o(i.MX_IWDG_Init)
    MX_USART1_UART_Init                      0x08002635   Thumb Code    32  usart.o(i.MX_USART1_UART_Init)
    SysTick_Handler                          0x0800267d   Thumb Code    14  stm32f4xx_it.o(i.SysTick_Handler)
    SystemClock_Config                       0x0800268d   Thumb Code   162  main.o(i.SystemClock_Config)
    SystemInit                               0x08002739   Thumb Code    66  system_stm32f4xx.o(i.SystemInit)
    Turn_Off_LED                             0x0800278d   Thumb Code    50  main.o(i.Turn_Off_LED)
    Turn_On_LED                              0x080027d1   Thumb Code    52  main.o(i.Turn_On_LED)
    USART1_IRQHandler                        0x08002a9d   Thumb Code     6  stm32f4xx_it.o(i.USART1_IRQHandler)
    __0printf                                0x08002aa9   Thumb Code    22  printfa.o(i.__0printf)
    __1printf                                0x08002aa9   Thumb Code     0  printfa.o(i.__0printf)
    __2printf                                0x08002aa9   Thumb Code     0  printfa.o(i.__0printf)
    __c89printf                              0x08002aa9   Thumb Code     0  printfa.o(i.__0printf)
    printf                                   0x08002aa9   Thumb Code     0  printfa.o(i.__0printf)
    __scatterload_copy                       0x08002ac9   Thumb Code    14  handlers.o(i.__scatterload_copy)
    __scatterload_null                       0x08002ad7   Thumb Code     2  handlers.o(i.__scatterload_null)
    __scatterload_zeroinit                   0x08002ad9   Thumb Code    14  handlers.o(i.__scatterload_zeroinit)
    fputc                                    0x0800339d   Thumb Code    14  main.o(i.fputc)
    get_now_alcohol                          0x080033b1   Thumb Code    72  main.o(i.get_now_alcohol)
    get_now_flame                            0x08003401   Thumb Code    72  main.o(i.get_now_flame)
    get_now_gas                              0x08003451   Thumb Code    72  main.o(i.get_now_gas)
    get_now_light                            0x080034dd   Thumb Code    72  main.o(i.get_now_light)
    main                                     0x0800352d   Thumb Code   538  main.o(i.main)
    malloc                                   0x080037f9   Thumb Code    92  malloc.o(i.malloc)
    marquee                                  0x08003865   Thumb Code   144  main.o(i.marquee)
    motor_v                                  0x08003901   Thumb Code   124  main.o(i.motor_v)
    read_alcohol                             0x08003989   Thumb Code   128  main.o(i.read_alcohol)
    read_all_sensors                         0x08003a21   Thumb Code    22  main.o(i.read_all_sensors)
    read_flame                               0x08003a39   Thumb Code   128  main.o(i.read_flame)
    read_gas                                 0x08003ad1   Thumb Code   128  main.o(i.read_gas)
    read_light                               0x08003b69   Thumb Code   128  main.o(i.read_light)
    recovery_handle                          0x08003c01   Thumb Code    60  main.o(i.recovery_handle)
    set_buffer                               0x08003c71   Thumb Code    52  main.o(i.set_buffer)
    set_now_alcohol                          0x08003ca9   Thumb Code    46  main.o(i.set_now_alcohol)
    set_now_flame                            0x08003cdd   Thumb Code    46  main.o(i.set_now_flame)
    set_now_gas                              0x08003d11   Thumb Code    46  main.o(i.set_now_gas)
    set_now_light                            0x08003d45   Thumb Code    46  main.o(i.set_now_light)
    show_sensor_data                         0x08003d79   Thumb Code   240  main.o(i.show_sensor_data)
    switch_flag                              0x08003e79   Thumb Code   124  main.o(i.switch_flag)
    swtich_key                               0x08003efd   Thumb Code   128  main.o(i.swtich_key)
    update_checksum                          0x08003f85   Thumb Code    28  main.o(i.update_checksum)
    update_state_and_cnt                     0x08003fa5   Thumb Code   168  main.o(i.update_state_and_cnt)
    verify_checksum                          0x080040cd   Thumb Code    24  main.o(i.verify_checksum)
    APBAHBPrescTable                         0x080040e8   Data          16  stm32f4xx_hal_rcc.o(.constdata)
    Region$$Table$$Base                      0x080041cc   Number         0  anon$$obj.o(Region$$Table)
    Region$$Table$$Limit                     0x080041ec   Number         0  anon$$obj.o(Region$$Table)
    buffer_check                             0x20000000   Data           1  main.o(.data)
    now_light_check                          0x20000001   Data           1  main.o(.data)
    now_gas_check                            0x20000002   Data           1  main.o(.data)
    now_alcohol_check                        0x20000003   Data           1  main.o(.data)
    now_flame_check                          0x20000004   Data           1  main.o(.data)
    fs_flag                                  0x20000005   Data           1  main.o(.data)
    flag1                                    0x20000006   Data           1  main.o(.data)
    Rx1_Buffer                               0x20000007   Data           1  main.o(.data)
    flag                                     0x20000008   Data           1  main.o(.data)
    I2CTimeout1                              0x2000000c   Data           4  main.o(.data)
    now_light                                0x20000010   Data           4  main.o(.data)
    now_gas                                  0x20000014   Data           4  main.o(.data)
    now_alcohol                              0x20000018   Data           4  main.o(.data)
    now_flame                                0x2000001c   Data           4  main.o(.data)
    GlobalTimingDelay100us                   0x20000020   Data           4  main.o(.data)
    backup_data                              0x20000024   Data           4  main.o(.data)
    adcx                                     0x20000028   Data           8  main.o(.data)
    Tx1_Buffer                               0x20000030   Data           8  main.o(.data)
    Rx2_Buffer                               0x20000038   Data           8  main.o(.data)
    I2CTimeout                               0x20000040   Data           4  zlg7290.o(.data)
    SystemCoreClock                          0x20000044   Data           4  system_stm32f4xx.o(.data)
    __stdout                                 0x20000050   Data           4  stdout.o(.data)
    __microlib_freelist                      0x20000054   Data           4  mvars.o(.data)
    __microlib_freelist_initialised          0x20000058   Data           4  mvars.o(.data)
    hiwdg                                    0x2000005c   Data          16  main.o(.bss)
    t                                        0x2000006c   Data          24  main.o(.bss)
    hadc3                                    0x20000084   Data          68  adc.o(.bss)
    hdma_adc3                                0x200000c8   Data          88  adc.o(.bss)
    huart1                                   0x20000120   Data          64  usart.o(.bss)
    hi2c1                                    0x20000160   Data          60  i2c.o(.bss)
    __heap_base                              0x200001a0   Data           0  startup_stm32f407xx.o(HEAP)
    __heap_limit                             0x200003a0   Data           0  startup_stm32f407xx.o(HEAP)
    __initial_sp                             0x200007a0   Data           0  startup_stm32f407xx.o(STACK)
    state                                    0x20010000   Data           1  main.o(NO_INIT)
    pre_state                                0x20010001   Data           1  main.o(NO_INIT)
    cnt                                      0x20010002   Data           1  main.o(NO_INIT)
    Red                                      0x20010004   Data           4  main.o(NO_INIT)
    unStartFlag                              0x20010008   Data           4  main.o(NO_INIT)
    sensor_type                              0x2001000c   Data           4  main.o(NO_INIT)
    seq                                      0x20010010   Data          16  main.o(NO_INIT)



==============================================================================

Memory Map of the image

  Image Entry point : 0x08000189

  Load Region LR_IROM1 (Base: 0x08000000, Size: 0x00004248, Max: 0x00100000, ABSOLUTE)

    Execution Region ER_IROM1 (Base: 0x08000000, Size: 0x000041ec, Max: 0x00100000, ABSOLUTE)

    Base Addr    Size         Type   Attr      Idx    E Section Name        Object

    0x08000000   0x00000188   Data   RO            3    RESET               startup_stm32f407xx.o
    0x08000188   0x00000000   Code   RO         2435  * .ARM.Collect$$$$00000000  mc_w.l(entry.o)
    0x08000188   0x00000004   Code   RO         2736    .ARM.Collect$$$$00000001  mc_w.l(entry2.o)
    0x0800018c   0x00000004   Code   RO         2739    .ARM.Collect$$$$00000004  mc_w.l(entry5.o)
    0x08000190   0x00000000   Code   RO         2741    .ARM.Collect$$$$00000008  mc_w.l(entry7b.o)
    0x08000190   0x00000000   Code   RO         2743    .ARM.Collect$$$$0000000A  mc_w.l(entry8b.o)
    0x08000190   0x00000008   Code   RO         2744    .ARM.Collect$$$$0000000B  mc_w.l(entry9a.o)
    0x08000198   0x00000000   Code   RO         2746    .ARM.Collect$$$$0000000D  mc_w.l(entry10a.o)
    0x08000198   0x00000000   Code   RO         2748    .ARM.Collect$$$$0000000F  mc_w.l(entry11a.o)
    0x08000198   0x00000004   Code   RO         2737    .ARM.Collect$$$$00002712  mc_w.l(entry2.o)
    0x0800019c   0x00000024   Code   RO            4    .text               startup_stm32f407xx.o
    0x080001c0   0x00000024   Code   RO         2438    .text               mc_w.l(rand.o)
    0x080001e4   0x000000e4   Code   RO         2730    .text               mf_w.l(dmul.o)
    0x080002c8   0x00000026   Code   RO         2732    .text               mf_w.l(f2d.o)
    0x080002ee   0x00000038   Code   RO         2734    .text               mf_w.l(d2f.o)
    0x08000326   0x0000002c   Code   RO         2751    .text               mc_w.l(uidiv.o)
    0x08000352   0x00000062   Code   RO         2753    .text               mc_w.l(uldiv.o)
    0x080003b4   0x00000000   Code   RO         2761    .text               mc_w.l(iusefp.o)
    0x080003b4   0x0000006e   Code   RO         2762    .text               mf_w.l(fepilogue.o)
    0x08000422   0x000000ba   Code   RO         2764    .text               mf_w.l(depilogue.o)
    0x080004dc   0x0000014e   Code   RO         2766    .text               mf_w.l(dadd.o)
    0x0800062a   0x000000de   Code   RO         2768    .text               mf_w.l(ddiv.o)
    0x08000708   0x00000030   Code   RO         2770    .text               mf_w.l(dfixul.o)
    0x08000738   0x00000030   Code   RO         2772    .text               mf_w.l(cdrcmple.o)
    0x08000768   0x00000024   Code   RO         2774    .text               mc_w.l(init.o)
    0x0800078c   0x0000001e   Code   RO         2776    .text               mc_w.l(llshl.o)
    0x080007aa   0x00000020   Code   RO         2778    .text               mc_w.l(llushr.o)
    0x080007ca   0x00000024   Code   RO         2780    .text               mc_w.l(llsshr.o)
    0x080007ee   0x00000002   PAD
    0x080007f0   0x0000001e   Code   RO          928    i.ADC_DMAConvCplt   stm32f4xx_hal_adc.o
    0x0800080e   0x00000018   Code   RO          929    i.ADC_DMAError      stm32f4xx_hal_adc.o
    0x08000826   0x0000000a   Code   RO          930    i.ADC_DMAHalfConvCplt  stm32f4xx_hal_adc.o
    0x08000830   0x00000134   Code   RO          931    i.ADC_Init          stm32f4xx_hal_adc.o
    0x08000964   0x000000bc   Code   RO           13    i.DC_Task           main.o
    0x08000a20   0x0000000c   Code   RO          428    i.DMA2_Stream0_IRQHandler  stm32f4xx_it.o
    0x08000a2c   0x00000028   Code   RO         1490    i.DMA_CalcBaseAndBitshift  stm32f4xx_hal_dma.o
    0x08000a54   0x00000028   Code   RO         1491    i.DMA_SetConfig     stm32f4xx_hal_dma.o
    0x08000a7c   0x00000008   Code   RO          429    i.EXTI15_10_IRQHandler  stm32f4xx_it.o
    0x08000a84   0x00000150   Code   RO          933    i.HAL_ADC_ConfigChannel  stm32f4xx_hal_adc.o
    0x08000bd4   0x00000002   Code   RO          934    i.HAL_ADC_ConvCpltCallback  stm32f4xx_hal_adc.o
    0x08000bd6   0x00000002   Code   RO          935    i.HAL_ADC_ConvHalfCpltCallback  stm32f4xx_hal_adc.o
    0x08000bd8   0x00000002   Code   RO          937    i.HAL_ADC_ErrorCallback  stm32f4xx_hal_adc.o
    0x08000bda   0x0000003a   Code   RO          942    i.HAL_ADC_Init      stm32f4xx_hal_adc.o
    0x08000c14   0x00000084   Code   RO          387    i.HAL_ADC_MspInit   adc.o
    0x08000c98   0x000000b0   Code   RO          949    i.HAL_ADC_Start_DMA  stm32f4xx_hal_adc.o
    0x08000d48   0x000001a0   Code   RO         1496    i.HAL_DMA_IRQHandler  stm32f4xx_hal_dma.o
    0x08000ee8   0x00000078   Code   RO         1497    i.HAL_DMA_Init      stm32f4xx_hal_dma.o
    0x08000f60   0x0000004e   Code   RO         1500    i.HAL_DMA_Start_IT  stm32f4xx_hal_dma.o
    0x08000fae   0x0000002a   Code   RO         1228    i.HAL_Delay         stm32f4xx_hal.o
    0x08000fd8   0x0000001c   Code   RO           14    i.HAL_GPIO_EXTI_Callback  main.o
    0x08000ff4   0x00000018   Code   RO          744    i.HAL_GPIO_EXTI_IRQHandler  stm32f4xx_hal_gpio.o
    0x0800100c   0x000001c0   Code   RO          745    i.HAL_GPIO_Init     stm32f4xx_hal_gpio.o
    0x080011cc   0x0000000a   Code   RO          747    i.HAL_GPIO_ReadPin  stm32f4xx_hal_gpio.o
    0x080011d6   0x0000000a   Code   RO          749    i.HAL_GPIO_WritePin  stm32f4xx_hal_gpio.o
    0x080011e0   0x0000000c   Code   RO         1234    i.HAL_GetTick       stm32f4xx_hal.o
    0x080011ec   0x00000100   Code   RO         1934    i.HAL_I2C_Init      stm32f4xx_hal_i2c.o
    0x080012ec   0x000001c4   Code   RO         1946    i.HAL_I2C_Mem_Read  stm32f4xx_hal_i2c.o
    0x080014b0   0x000000ec   Code   RO         1949    i.HAL_I2C_Mem_Write  stm32f4xx_hal_i2c.o
    0x0800159c   0x0000004c   Code   RO          628    i.HAL_I2C_MspInit   i2c.o
    0x080015e8   0x0000004a   Code   RO         2226    i.HAL_IWDG_Init     stm32f4xx_hal_iwdg.o
    0x08001632   0x00000002   Code   RO           15    i.HAL_IWDG_MspInit  main.o
    0x08001634   0x00000054   Code   RO         2228    i.HAL_IWDG_Refresh  stm32f4xx_hal_iwdg.o
    0x08001688   0x0000002a   Code   RO         2229    i.HAL_IWDG_Start    stm32f4xx_hal_iwdg.o
    0x080016b2   0x00000002   PAD
    0x080016b4   0x00000010   Code   RO         1235    i.HAL_IncTick       stm32f4xx_hal.o
    0x080016c4   0x00000034   Code   RO         1236    i.HAL_Init          stm32f4xx_hal.o
    0x080016f8   0x00000022   Code   RO         1237    i.HAL_InitTick      stm32f4xx_hal.o
    0x0800171a   0x00000016   Code   RO          498    i.HAL_MspInit       stm32f4xx_hal_msp.o
    0x08001730   0x00000016   Code   RO         1101    i.HAL_NVIC_EnableIRQ  stm32f4xx_hal_cortex.o
    0x08001746   0x00000002   PAD
    0x08001748   0x00000040   Code   RO         1107    i.HAL_NVIC_SetPriority  stm32f4xx_hal_cortex.o
    0x08001788   0x00000024   Code   RO         1108    i.HAL_NVIC_SetPriorityGrouping  stm32f4xx_hal_cortex.o
    0x080017ac   0x00000024   Code   RO         1109    i.HAL_NVIC_SystemReset  stm32f4xx_hal_cortex.o
    0x080017d0   0x00000020   Code   RO          820    i.HAL_PWR_EnterSLEEPMode  stm32f4xx_hal_pwr.o
    0x080017f0   0x0000020c   Code   RO         1386    i.HAL_RCC_ClockConfig  stm32f4xx_hal_rcc.o
    0x080019fc   0x00000034   Code   RO         1391    i.HAL_RCC_GetHCLKFreq  stm32f4xx_hal_rcc.o
    0x08001a30   0x0000002c   Code   RO         1393    i.HAL_RCC_GetPCLK1Freq  stm32f4xx_hal_rcc.o
    0x08001a5c   0x0000002c   Code   RO         1394    i.HAL_RCC_GetPCLK2Freq  stm32f4xx_hal_rcc.o
    0x08001a88   0x00000074   Code   RO         1395    i.HAL_RCC_GetSysClockFreq  stm32f4xx_hal_rcc.o
    0x08001afc   0x0000033c   Code   RO         1398    i.HAL_RCC_OscConfig  stm32f4xx_hal_rcc.o
    0x08001e38   0x00000018   Code   RO         1110    i.HAL_SYSTICK_CLKSourceConfig  stm32f4xx_hal_cortex.o
    0x08001e50   0x00000014   Code   RO           16    i.HAL_SYSTICK_Callback  main.o
    0x08001e64   0x00000028   Code   RO         1112    i.HAL_SYSTICK_Config  stm32f4xx_hal_cortex.o
    0x08001e8c   0x00000008   Code   RO         1113    i.HAL_SYSTICK_IRQHandler  stm32f4xx_hal_cortex.o
    0x08001e94   0x00000002   Code   RO         1703    i.HAL_UART_ErrorCallback  stm32f4xx_hal_uart.o
    0x08001e96   0x00000002   PAD
    0x08001e98   0x0000010a   Code   RO         1706    i.HAL_UART_IRQHandler  stm32f4xx_hal_uart.o
    0x08001fa2   0x0000005e   Code   RO         1707    i.HAL_UART_Init     stm32f4xx_hal_uart.o
    0x08002000   0x0000005c   Code   RO          523    i.HAL_UART_MspInit  usart.o
    0x0800205c   0x00000002   Code   RO         1713    i.HAL_UART_RxCpltCallback  stm32f4xx_hal_uart.o
    0x0800205e   0x00000002   Code   RO         1718    i.HAL_UART_TxCpltCallback  stm32f4xx_hal_uart.o
    0x08002060   0x00000032   Code   RO           17    i.I2C_DC_Motor_Write  main.o
    0x08002092   0x00000002   PAD
    0x08002094   0x00000034   Code   RO           18    i.I2C_DC_Motor_WriteOneByte  main.o
    0x080020c8   0x000000e0   Code   RO         1973    i.I2C_RequestMemoryRead  stm32f4xx_hal_i2c.o
    0x080021a8   0x00000090   Code   RO         1974    i.I2C_RequestMemoryWrite  stm32f4xx_hal_i2c.o
    0x08002238   0x0000008a   Code   RO         1975    i.I2C_WaitOnFlagUntilTimeout  stm32f4xx_hal_i2c.o
    0x080022c2   0x00000002   PAD
    0x080022c4   0x00000088   Code   RO         1976    i.I2C_WaitOnMasterAddressFlagUntilTimeout  stm32f4xx_hal_i2c.o
    0x0800234c   0x00000030   Code   RO          588    i.I2C_ZLG7290_Read  zlg7290.o
    0x0800237c   0x00000032   Code   RO          589    i.I2C_ZLG7290_Write  zlg7290.o
    0x080023ae   0x00000002   PAD
    0x080023b0   0x00000034   Code   RO          590    i.I2C_ZLG7290_WriteOneByte  zlg7290.o
    0x080023e4   0x00000070   Code   RO          388    i.MX_ADC3_Init      adc.o
    0x08002454   0x0000002c   Code   RO          564    i.MX_DMA_Init       dma.o
    0x08002480   0x00000168   Code   RO          474    i.MX_GPIO_Init      gpio.o
    0x080025e8   0x00000030   Code   RO          629    i.MX_I2C1_Init      i2c.o
    0x08002618   0x0000001c   Code   RO           19    i.MX_IWDG_Init      main.o
    0x08002634   0x00000028   Code   RO          524    i.MX_USART1_UART_Init  usart.o
    0x0800265c   0x00000020   Code   RO         1114    i.NVIC_SetPriority  stm32f4xx_hal_cortex.o
    0x0800267c   0x0000000e   Code   RO          430    i.SysTick_Handler   stm32f4xx_it.o
    0x0800268a   0x00000002   PAD
    0x0800268c   0x000000ac   Code   RO           22    i.SystemClock_Config  main.o
    0x08002738   0x00000054   Code   RO          706    i.SystemInit        system_stm32f4xx.o
    0x0800278c   0x00000044   Code   RO           23    i.Turn_Off_LED      main.o
    0x080027d0   0x00000044   Code   RO           24    i.Turn_On_LED       main.o
    0x08002814   0x000000a8   Code   RO         1725    i.UART_Receive_IT   stm32f4xx_hal_uart.o
    0x080028bc   0x00000178   Code   RO         1726    i.UART_SetConfig    stm32f4xx_hal_uart.o
    0x08002a34   0x00000066   Code   RO         1727    i.UART_Transmit_IT  stm32f4xx_hal_uart.o
    0x08002a9a   0x00000002   PAD
    0x08002a9c   0x0000000c   Code   RO          431    i.USART1_IRQHandler  stm32f4xx_it.o
    0x08002aa8   0x00000020   Code   RO         2674    i.__0printf         mc_w.l(printfa.o)
    0x08002ac8   0x0000000e   Code   RO         2784    i.__scatterload_copy  mc_w.l(handlers.o)
    0x08002ad6   0x00000002   Code   RO         2785    i.__scatterload_null  mc_w.l(handlers.o)
    0x08002ad8   0x0000000e   Code   RO         2786    i.__scatterload_zeroinit  mc_w.l(handlers.o)
    0x08002ae6   0x00000002   PAD
    0x08002ae8   0x00000184   Code   RO         2681    i._fp_digits        mc_w.l(printfa.o)
    0x08002c6c   0x000006dc   Code   RO         2682    i._printf_core      mc_w.l(printfa.o)
    0x08003348   0x00000024   Code   RO         2683    i._printf_post_padding  mc_w.l(printfa.o)
    0x0800336c   0x0000002e   Code   RO         2684    i._printf_pre_padding  mc_w.l(printfa.o)
    0x0800339a   0x00000002   PAD
    0x0800339c   0x00000014   Code   RO           25    i.fputc             main.o
    0x080033b0   0x00000050   Code   RO           27    i.get_now_alcohol   main.o
    0x08003400   0x00000050   Code   RO           28    i.get_now_flame     main.o
    0x08003450   0x0000008c   Code   RO           29    i.get_now_gas       main.o
    0x080034dc   0x00000050   Code   RO           30    i.get_now_light     main.o
    0x0800352c   0x000002cc   Code   RO           31    i.main              main.o
    0x080037f8   0x0000006c   Code   RO         2703    i.malloc            mc_w.l(malloc.o)
    0x08003864   0x0000009c   Code   RO           32    i.marquee           main.o
    0x08003900   0x00000088   Code   RO           33    i.motor_v           main.o
    0x08003988   0x00000098   Code   RO           34    i.read_alcohol      main.o
    0x08003a20   0x00000016   Code   RO           35    i.read_all_sensors  main.o
    0x08003a36   0x00000002   PAD
    0x08003a38   0x00000098   Code   RO           36    i.read_flame        main.o
    0x08003ad0   0x00000098   Code   RO           37    i.read_gas          main.o
    0x08003b68   0x00000098   Code   RO           38    i.read_light        main.o
    0x08003c00   0x00000070   Code   RO           39    i.recovery_handle   main.o
    0x08003c70   0x00000038   Code   RO           40    i.set_buffer        main.o
    0x08003ca8   0x00000034   Code   RO           41    i.set_now_alcohol   main.o
    0x08003cdc   0x00000034   Code   RO           42    i.set_now_flame     main.o
    0x08003d10   0x00000034   Code   RO           43    i.set_now_gas       main.o
    0x08003d44   0x00000034   Code   RO           44    i.set_now_light     main.o
    0x08003d78   0x00000100   Code   RO           45    i.show_sensor_data  main.o
    0x08003e78   0x00000084   Code   RO           46    i.switch_flag       main.o
    0x08003efc   0x00000088   Code   RO           47    i.swtich_key        main.o
    0x08003f84   0x00000020   Code   RO           48    i.update_checksum   main.o
    0x08003fa4   0x00000128   Code   RO           49    i.update_state_and_cnt  main.o
    0x080040cc   0x0000001c   Code   RO           50    i.verify_checksum   main.o
    0x080040e8   0x00000010   Data   RO         1399    .constdata          stm32f4xx_hal_rcc.o
    0x080040f8   0x00000008   Data   RO         1501    .constdata          stm32f4xx_hal_dma.o
    0x08004100   0x000000ca   Data   RO           52    .conststring        main.o
    0x080041ca   0x00000002   PAD
    0x080041cc   0x00000020   Data   RO         2782    Region$$Table       anon$$obj.o


    Execution Region RW_IRAM1 (Base: 0x20000000, Size: 0x000007a0, Max: 0x00010000, ABSOLUTE)

    Base Addr    Size         Type   Attr      Idx    E Section Name        Object

    0x20000000   0x00000040   Data   RW           53    .data               main.o
    0x20000040   0x00000004   Data   RW          591    .data               zlg7290.o
    0x20000044   0x00000004   Data   RW          708    .data               system_stm32f4xx.o
    0x20000048   0x00000004   Data   RW         1242    .data               stm32f4xx_hal.o
    0x2000004c   0x00000004   Data   RW         2439    .data               mc_w.l(rand.o)
    0x20000050   0x00000004   Data   RW         2750    .data               mc_w.l(stdout.o)
    0x20000054   0x00000004   Data   RW         2759    .data               mc_w.l(mvars.o)
    0x20000058   0x00000004   Data   RW         2760    .data               mc_w.l(mvars.o)
    0x2000005c   0x00000028   Zero   RW           51    .bss                main.o
    0x20000084   0x0000009c   Zero   RW          389    .bss                adc.o
    0x20000120   0x00000040   Zero   RW          525    .bss                usart.o
    0x20000160   0x0000003c   Zero   RW          630    .bss                i2c.o
    0x2000019c   0x00000004   PAD
    0x200001a0   0x00000200   Zero   RW            2    HEAP                startup_stm32f407xx.o
    0x200003a0   0x00000400   Zero   RW            1    STACK               startup_stm32f407xx.o


    Execution Region RW_IRAM2 (Base: 0x20010000, Size: 0x00000020, Max: 0x00010000, ABSOLUTE, UNINIT)

    Base Addr    Size         Type   Attr      Idx    E Section Name        Object

    0x20010000   0x00000020   Zero   RW           54    NO_INIT             main.o


==============================================================================

Image component sizes


      Code (inc. data)   RO Data    RW Data    ZI Data      Debug   Object Name

       244         28          0          0        156       1747   adc.o
        44          4          0          0          0        762   dma.o
       360         40          0          0          0       1139   gpio.o
       124         26          0          0         60       1553   i2c.o
      3970        796        202         64         72     377795   main.o
        36          8        392          0       1536        960   startup_stm32f407xx.o
       156         16          0          4          0       4230   stm32f4xx_hal.o
       948         44          0          0          0       7077   stm32f4xx_hal_adc.o
       262         24          0          0          0      31817   stm32f4xx_hal_cortex.o
       694         14          8          0          0       4551   stm32f4xx_hal_dma.o
       492         56          0          0          0       3826   stm32f4xx_hal_gpio.o
      1586         38          0          0          0       8626   stm32f4xx_hal_i2c.o
       200          0          0          0          0       2580   stm32f4xx_hal_iwdg.o
        22          0          0          0          0        502   stm32f4xx_hal_msp.o
        32          6          0          0          0        629   stm32f4xx_hal_pwr.o
      1608         74         16          0          0       6195   stm32f4xx_hal_rcc.o
      1012         10          0          0          0       6259   stm32f4xx_hal_uart.o
        46         12          0          0          0       1907   stm32f4xx_it.o
        84         18          0          4          0       1353   system_stm32f4xx.o
       132         20          0          0         64       1590   usart.o
       150          8          0          4          0       2755   zlg7290.o

    ----------------------------------------------------------------------
     12220       1242        652         76       1892     467853   Object Totals
         0          0         32          0          0          0   (incl. Generated)
        18          0          2          0          4          0   (incl. Padding)

    ----------------------------------------------------------------------

      Code (inc. data)   RO Data    RW Data    ZI Data      Debug   Library Member Name

         0          0          0          0          0          0   entry.o
         0          0          0          0          0          0   entry10a.o
         0          0          0          0          0          0   entry11a.o
         8          4          0          0          0          0   entry2.o
         4          0          0          0          0          0   entry5.o
         0          0          0          0          0          0   entry7b.o
         0          0          0          0          0          0   entry8b.o
         8          4          0          0          0          0   entry9a.o
        30          0          0          0          0          0   handlers.o
        36          8          0          0          0         68   init.o
         0          0          0          0          0          0   iusefp.o
        30          0          0          0          0         68   llshl.o
        36          0          0          0          0         68   llsshr.o
        32          0          0          0          0         68   llushr.o
       108         16          0          0          0         84   malloc.o
         0          0          0          8          0          0   mvars.o
      2258         90          0          0          0        452   printfa.o
        36         10          0          4          0        136   rand.o
         0          0          0          4          0          0   stdout.o
        44          0          0          0          0         80   uidiv.o
        98          0          0          0          0         92   uldiv.o
        48          0          0          0          0         68   cdrcmple.o
        56          0          0          0          0         88   d2f.o
       334          0          0          0          0        148   dadd.o
       222          0          0          0          0        100   ddiv.o
       186          0          0          0          0        176   depilogue.o
        48          0          0          0          0         68   dfixul.o
       228          0          0          0          0         96   dmul.o
        38          0          0          0          0         68   f2d.o
       110          0          0          0          0        168   fepilogue.o

    ----------------------------------------------------------------------
      4004        132          0         16          0       2096   Library Totals
         6          0          0          0          0          0   (incl. Padding)

    ----------------------------------------------------------------------

      Code (inc. data)   RO Data    RW Data    ZI Data      Debug   Library Name

      2728        132          0         16          0       1116   mc_w.l
      1270          0          0          0          0        980   mf_w.l

    ----------------------------------------------------------------------
      4004        132          0         16          0       2096   Library Totals

    ----------------------------------------------------------------------

==============================================================================


      Code (inc. data)   RO Data    RW Data    ZI Data      Debug   

     16224       1374        652         92       1892     458913   Grand Totals
     16224       1374        652         92       1892     458913   ELF Image Totals
     16224       1374        652         92          0          0   ROM Totals

==============================================================================

    Total RO  Size (Code + RO Data)                16876 (  16.48kB)
    Total RW  Size (RW Data + ZI Data)              1984 (   1.94kB)
    Total ROM Size (Code + RO Data + RW Data)      16968 (  16.57kB)

==============================================================================

